{"run_id":"1761690450-858526232","line":298,"new":{"module_name":"singularity_code_analysis__metrics__exit__tests","snapshot_name":"python_more_functions","metadata":{"source":"packages/singularity-code-analysis/src/metrics/exit.rs","assertion_line":298,"expression":"metric.nexits"},"snapshot":"{\n  \"sum\": 2.0,\n  \"average\": 1.0,\n  \"min\": 0.0,\n  \"max\": 2.0\n}"},"old":{"module_name":"singularity_code_analysis__metrics__exit__tests","metadata":{},"snapshot":"{\n  \"sum\": 2.0,\n  \"average\": 1.0,\n  \"min\": 0.0,\n  \"max\": 1.0\n}"}}
{"run_id":"1761690450-858526232","line":324,"new":{"module_name":"singularity_code_analysis__metrics__exit__tests","snapshot_name":"python_nested_functions","metadata":{"source":"packages/singularity-code-analysis/src/metrics/exit.rs","assertion_line":324,"expression":"metric.nexits"},"snapshot":"{\n  \"sum\": 2.0,\n  \"average\": 1.0,\n  \"min\": 0.0,\n  \"max\": 2.0\n}"},"old":{"module_name":"singularity_code_analysis__metrics__exit__tests","metadata":{},"snapshot":"{\n  \"sum\": 2.0,\n  \"average\": 0.5,\n  \"min\": 0.0,\n  \"max\": 1.0\n}"}}
{"run_id":"1761690601-124537986","line":342,"new":null,"old":null}
{"run_id":"1761690601-124537986","line":366,"new":null,"old":null}
{"run_id":"1761690601-124537986","line":394,"new":null,"old":null}
{"run_id":"1761690601-124537986","line":181,"new":null,"old":null}
{"run_id":"1761690601-124537986","line":272,"new":null,"old":null}
{"run_id":"1761690858-786052972","line":342,"new":null,"old":null}
{"run_id":"1761690858-786052972","line":366,"new":null,"old":null}
{"run_id":"1761690858-786052972","line":394,"new":null,"old":null}
{"run_id":"1761690858-786052972","line":181,"new":null,"old":null}
{"run_id":"1761690858-786052972","line":272,"new":null,"old":null}
{"run_id":"1761690858-786052972","line":298,"new":{"module_name":"singularity_code_analysis__metrics__exit__tests","snapshot_name":"python_more_functions","metadata":{"source":"packages/singularity-code-analysis/src/metrics/exit.rs","assertion_line":298,"expression":"metric.nexits"},"snapshot":"{\n  \"sum\": 2.0,\n  \"average\": 1.0,\n  \"min\": 0.0,\n  \"max\": 2.0\n}"},"old":{"module_name":"singularity_code_analysis__metrics__exit__tests","metadata":{},"snapshot":"{\n  \"sum\": 2.0,\n  \"average\": 1.0,\n  \"min\": 0.0,\n  \"max\": 1.0\n}"}}
{"run_id":"1761690858-786052972","line":324,"new":{"module_name":"singularity_code_analysis__metrics__exit__tests","snapshot_name":"python_nested_functions","metadata":{"source":"packages/singularity-code-analysis/src/metrics/exit.rs","assertion_line":324,"expression":"metric.nexits"},"snapshot":"{\n  \"sum\": 2.0,\n  \"average\": 1.0,\n  \"min\": 0.0,\n  \"max\": 2.0\n}"},"old":{"module_name":"singularity_code_analysis__metrics__exit__tests","metadata":{},"snapshot":"{\n  \"sum\": 2.0,\n  \"average\": 0.5,\n  \"min\": 0.0,\n  \"max\": 1.0\n}"}}
{"run_id":"1761691443-195689724","line":342,"new":null,"old":null}
{"run_id":"1761691443-195689724","line":366,"new":null,"old":null}
{"run_id":"1761691443-195689724","line":394,"new":null,"old":null}
{"run_id":"1761691443-195689724","line":181,"new":null,"old":null}
{"run_id":"1761691443-195689724","line":272,"new":null,"old":null}
{"run_id":"1761691443-195689724","line":298,"new":{"module_name":"singularity_code_analysis__metrics__exit__tests","snapshot_name":"python_more_functions","metadata":{"source":"packages/singularity-code-analysis/src/metrics/exit.rs","assertion_line":298,"expression":"metric.nexits"},"snapshot":"{\n  \"sum\": 2.0,\n  \"average\": 1.0,\n  \"min\": 0.0,\n  \"max\": 2.0\n}"},"old":{"module_name":"singularity_code_analysis__metrics__exit__tests","metadata":{},"snapshot":"{\n  \"sum\": 2.0,\n  \"average\": 1.0,\n  \"min\": 0.0,\n  \"max\": 1.0\n}"}}
{"run_id":"1761691443-195689724","line":324,"new":{"module_name":"singularity_code_analysis__metrics__exit__tests","snapshot_name":"python_nested_functions","metadata":{"source":"packages/singularity-code-analysis/src/metrics/exit.rs","assertion_line":324,"expression":"metric.nexits"},"snapshot":"{\n  \"sum\": 2.0,\n  \"average\": 1.0,\n  \"min\": 0.0,\n  \"max\": 2.0\n}"},"old":{"module_name":"singularity_code_analysis__metrics__exit__tests","metadata":{},"snapshot":"{\n  \"sum\": 2.0,\n  \"average\": 0.5,\n  \"min\": 0.0,\n  \"max\": 1.0\n}"}}
{"run_id":"1761691454-42514804","line":342,"new":null,"old":null}
{"run_id":"1761691454-42514804","line":366,"new":null,"old":null}
{"run_id":"1761691454-42514804","line":394,"new":null,"old":null}
{"run_id":"1761691454-42514804","line":181,"new":null,"old":null}
{"run_id":"1761691454-42514804","line":272,"new":null,"old":null}
{"run_id":"1761691454-42514804","line":324,"new":{"module_name":"singularity_code_analysis__metrics__exit__tests","snapshot_name":"python_nested_functions","metadata":{"source":"packages/singularity-code-analysis/src/metrics/exit.rs","assertion_line":324,"expression":"metric.nexits"},"snapshot":"{\n  \"sum\": 2.0,\n  \"average\": 1.0,\n  \"min\": 0.0,\n  \"max\": 2.0\n}"},"old":{"module_name":"singularity_code_analysis__metrics__exit__tests","metadata":{},"snapshot":"{\n  \"sum\": 2.0,\n  \"average\": 0.5,\n  \"min\": 0.0,\n  \"max\": 1.0\n}"}}
{"run_id":"1761691454-42514804","line":298,"new":{"module_name":"singularity_code_analysis__metrics__exit__tests","snapshot_name":"python_more_functions","metadata":{"source":"packages/singularity-code-analysis/src/metrics/exit.rs","assertion_line":298,"expression":"metric.nexits"},"snapshot":"{\n  \"sum\": 2.0,\n  \"average\": 1.0,\n  \"min\": 0.0,\n  \"max\": 2.0\n}"},"old":{"module_name":"singularity_code_analysis__metrics__exit__tests","metadata":{},"snapshot":"{\n  \"sum\": 2.0,\n  \"average\": 1.0,\n  \"min\": 0.0,\n  \"max\": 1.0\n}"}}
{"run_id":"1761691890-590891511","line":367,"new":null,"old":null}
{"run_id":"1761691890-590891511","line":391,"new":null,"old":null}
{"run_id":"1761691890-590891511","line":419,"new":null,"old":null}
{"run_id":"1761691890-590891511","line":206,"new":null,"old":null}
{"run_id":"1761691890-590891511","line":297,"new":null,"old":null}
{"run_id":"1761691890-590891511","line":257,"new":{"module_name":"singularity_code_analysis__metrics__exit__tests","snapshot_name":"c_no_exit","metadata":{"source":"packages/singularity-code-analysis/src/metrics/exit.rs","assertion_line":257,"expression":"metric.nexits"},"snapshot":"{\n  \"sum\": 0.0,\n  \"average\": 0.0,\n  \"min\": 18446744073709552000.0,\n  \"max\": 0.0\n}"},"old":{"module_name":"singularity_code_analysis__metrics__exit__tests","metadata":{},"snapshot":"{\n  \"sum\": 0.0,\n  \"average\": null,\n  \"min\": 0.0,\n  \"max\": 0.0\n}"}}
{"run_id":"1761691890-590891511","line":274,"new":{"module_name":"singularity_code_analysis__metrics__exit__tests","snapshot_name":"javascript_no_exit","metadata":{"source":"packages/singularity-code-analysis/src/metrics/exit.rs","assertion_line":274,"expression":"metric.nexits"},"snapshot":"{\n  \"sum\": 0.0,\n  \"average\": 0.0,\n  \"min\": 18446744073709552000.0,\n  \"max\": 0.0\n}"},"old":{"module_name":"singularity_code_analysis__metrics__exit__tests","metadata":{},"snapshot":"{\n  \"sum\": 0.0,\n  \"average\": null,\n  \"min\": 0.0,\n  \"max\": 0.0\n}"}}
{"run_id":"1761691890-590891511","line":323,"new":{"module_name":"singularity_code_analysis__metrics__exit__tests","snapshot_name":"python_more_functions","metadata":{"source":"packages/singularity-code-analysis/src/metrics/exit.rs","assertion_line":323,"expression":"metric.nexits"},"snapshot":"{\n  \"sum\": 2.0,\n  \"average\": 1.0,\n  \"min\": 0.0,\n  \"max\": 2.0\n}"},"old":{"module_name":"singularity_code_analysis__metrics__exit__tests","metadata":{},"snapshot":"{\n  \"sum\": 2.0,\n  \"average\": 1.0,\n  \"min\": 0.0,\n  \"max\": 1.0\n}"}}
{"run_id":"1761691890-590891511","line":223,"new":{"module_name":"singularity_code_analysis__metrics__exit__tests","snapshot_name":"rust_no_exit","metadata":{"source":"packages/singularity-code-analysis/src/metrics/exit.rs","assertion_line":223,"expression":"metric.nexits"},"snapshot":"{\n  \"sum\": 0.0,\n  \"average\": 0.0,\n  \"min\": 18446744073709552000.0,\n  \"max\": 0.0\n}"},"old":{"module_name":"singularity_code_analysis__metrics__exit__tests","metadata":{},"snapshot":"{\n  \"sum\": 0.0,\n  \"average\": null,\n  \"min\": 0.0,\n  \"max\": 0.0\n}"}}
{"run_id":"1761691890-590891511","line":240,"new":{"module_name":"singularity_code_analysis__metrics__exit__tests","snapshot_name":"rust_question_mark","metadata":{"source":"packages/singularity-code-analysis/src/metrics/exit.rs","assertion_line":240,"expression":"metric.nexits"},"snapshot":"{\n  \"sum\": 0.0,\n  \"average\": 0.0,\n  \"min\": 18446744073709552000.0,\n  \"max\": 0.0\n}"},"old":{"module_name":"singularity_code_analysis__metrics__exit__tests","metadata":{},"snapshot":"{\n  \"sum\": 3.0,\n  \"average\": null,\n  \"min\": 3.0,\n  \"max\": 3.0\n}"}}
{"run_id":"1761691890-590891511","line":349,"new":{"module_name":"singularity_code_analysis__metrics__exit__tests","snapshot_name":"python_nested_functions","metadata":{"source":"packages/singularity-code-analysis/src/metrics/exit.rs","assertion_line":349,"expression":"metric.nexits"},"snapshot":"{\n  \"sum\": 2.0,\n  \"average\": 1.0,\n  \"min\": 0.0,\n  \"max\": 2.0\n}"},"old":{"module_name":"singularity_code_analysis__metrics__exit__tests","metadata":{},"snapshot":"{\n  \"sum\": 2.0,\n  \"average\": 0.5,\n  \"min\": 0.0,\n  \"max\": 1.0\n}"}}
{"run_id":"1761694902-501238837","line":367,"new":null,"old":null}
{"run_id":"1761694902-501238837","line":419,"new":null,"old":null}
{"run_id":"1761694902-501238837","line":391,"new":null,"old":null}
{"run_id":"1761694902-501238837","line":206,"new":null,"old":null}
{"run_id":"1761694902-501238837","line":297,"new":null,"old":null}
{"run_id":"1761694902-501238837","line":257,"new":{"module_name":"singularity_code_analysis__metrics__exit__tests","snapshot_name":"c_no_exit","metadata":{"source":"packages/singularity-code-analysis/src/metrics/exit.rs","assertion_line":257,"expression":"metric.nexits"},"snapshot":"{\n  \"sum\": 0.0,\n  \"average\": 0.0,\n  \"min\": 18446744073709552000.0,\n  \"max\": 0.0\n}"},"old":{"module_name":"singularity_code_analysis__metrics__exit__tests","metadata":{},"snapshot":"{\n  \"sum\": 0.0,\n  \"average\": null,\n  \"min\": 0.0,\n  \"max\": 0.0\n}"}}
{"run_id":"1761694902-501238837","line":274,"new":{"module_name":"singularity_code_analysis__metrics__exit__tests","snapshot_name":"javascript_no_exit","metadata":{"source":"packages/singularity-code-analysis/src/metrics/exit.rs","assertion_line":274,"expression":"metric.nexits"},"snapshot":"{\n  \"sum\": 0.0,\n  \"average\": 0.0,\n  \"min\": 18446744073709552000.0,\n  \"max\": 0.0\n}"},"old":{"module_name":"singularity_code_analysis__metrics__exit__tests","metadata":{},"snapshot":"{\n  \"sum\": 0.0,\n  \"average\": null,\n  \"min\": 0.0,\n  \"max\": 0.0\n}"}}
{"run_id":"1761694902-501238837","line":223,"new":{"module_name":"singularity_code_analysis__metrics__exit__tests","snapshot_name":"rust_no_exit","metadata":{"source":"packages/singularity-code-analysis/src/metrics/exit.rs","assertion_line":223,"expression":"metric.nexits"},"snapshot":"{\n  \"sum\": 0.0,\n  \"average\": 0.0,\n  \"min\": 18446744073709552000.0,\n  \"max\": 0.0\n}"},"old":{"module_name":"singularity_code_analysis__metrics__exit__tests","metadata":{},"snapshot":"{\n  \"sum\": 0.0,\n  \"average\": null,\n  \"min\": 0.0,\n  \"max\": 0.0\n}"}}
{"run_id":"1761694902-501238837","line":349,"new":{"module_name":"singularity_code_analysis__metrics__exit__tests","snapshot_name":"python_nested_functions","metadata":{"source":"packages/singularity-code-analysis/src/metrics/exit.rs","assertion_line":349,"expression":"metric.nexits"},"snapshot":"{\n  \"sum\": 2.0,\n  \"average\": 1.0,\n  \"min\": 0.0,\n  \"max\": 2.0\n}"},"old":{"module_name":"singularity_code_analysis__metrics__exit__tests","metadata":{},"snapshot":"{\n  \"sum\": 2.0,\n  \"average\": 0.5,\n  \"min\": 0.0,\n  \"max\": 1.0\n}"}}
{"run_id":"1761694902-501238837","line":323,"new":{"module_name":"singularity_code_analysis__metrics__exit__tests","snapshot_name":"python_more_functions","metadata":{"source":"packages/singularity-code-analysis/src/metrics/exit.rs","assertion_line":323,"expression":"metric.nexits"},"snapshot":"{\n  \"sum\": 2.0,\n  \"average\": 1.0,\n  \"min\": 0.0,\n  \"max\": 2.0\n}"},"old":{"module_name":"singularity_code_analysis__metrics__exit__tests","metadata":{},"snapshot":"{\n  \"sum\": 2.0,\n  \"average\": 1.0,\n  \"min\": 0.0,\n  \"max\": 1.0\n}"}}
{"run_id":"1761694902-501238837","line":240,"new":{"module_name":"singularity_code_analysis__metrics__exit__tests","snapshot_name":"rust_question_mark","metadata":{"source":"packages/singularity-code-analysis/src/metrics/exit.rs","assertion_line":240,"expression":"metric.nexits"},"snapshot":"{\n  \"sum\": 0.0,\n  \"average\": 0.0,\n  \"min\": 18446744073709552000.0,\n  \"max\": 0.0\n}"},"old":{"module_name":"singularity_code_analysis__metrics__exit__tests","metadata":{},"snapshot":"{\n  \"sum\": 3.0,\n  \"average\": null,\n  \"min\": 3.0,\n  \"max\": 3.0\n}"}}
{"run_id":"1761694917-904262134","line":367,"new":null,"old":null}
{"run_id":"1761694917-904262134","line":391,"new":null,"old":null}
{"run_id":"1761694917-904262134","line":419,"new":null,"old":null}
{"run_id":"1761694917-904262134","line":297,"new":null,"old":null}
{"run_id":"1761694917-904262134","line":206,"new":null,"old":null}
{"run_id":"1761694917-904262134","line":349,"new":{"module_name":"singularity_code_analysis__metrics__exit__tests","snapshot_name":"python_nested_functions","metadata":{"source":"packages/singularity-code-analysis/src/metrics/exit.rs","assertion_line":349,"expression":"metric.nexits"},"snapshot":"{\n  \"sum\": 2.0,\n  \"average\": 1.0,\n  \"min\": 0.0,\n  \"max\": 2.0\n}"},"old":{"module_name":"singularity_code_analysis__metrics__exit__tests","metadata":{},"snapshot":"{\n  \"sum\": 2.0,\n  \"average\": 0.5,\n  \"min\": 0.0,\n  \"max\": 1.0\n}"}}
{"run_id":"1761694917-904262134","line":240,"new":{"module_name":"singularity_code_analysis__metrics__exit__tests","snapshot_name":"rust_question_mark","metadata":{"source":"packages/singularity-code-analysis/src/metrics/exit.rs","assertion_line":240,"expression":"metric.nexits"},"snapshot":"{\n  \"sum\": 0.0,\n  \"average\": 0.0,\n  \"min\": 18446744073709552000.0,\n  \"max\": 0.0\n}"},"old":{"module_name":"singularity_code_analysis__metrics__exit__tests","metadata":{},"snapshot":"{\n  \"sum\": 3.0,\n  \"average\": null,\n  \"min\": 3.0,\n  \"max\": 3.0\n}"}}
{"run_id":"1761694917-904262134","line":257,"new":{"module_name":"singularity_code_analysis__metrics__exit__tests","snapshot_name":"c_no_exit","metadata":{"source":"packages/singularity-code-analysis/src/metrics/exit.rs","assertion_line":257,"expression":"metric.nexits"},"snapshot":"{\n  \"sum\": 0.0,\n  \"average\": 0.0,\n  \"min\": 18446744073709552000.0,\n  \"max\": 0.0\n}"},"old":{"module_name":"singularity_code_analysis__metrics__exit__tests","metadata":{},"snapshot":"{\n  \"sum\": 0.0,\n  \"average\": null,\n  \"min\": 0.0,\n  \"max\": 0.0\n}"}}
{"run_id":"1761694917-904262134","line":323,"new":{"module_name":"singularity_code_analysis__metrics__exit__tests","snapshot_name":"python_more_functions","metadata":{"source":"packages/singularity-code-analysis/src/metrics/exit.rs","assertion_line":323,"expression":"metric.nexits"},"snapshot":"{\n  \"sum\": 2.0,\n  \"average\": 1.0,\n  \"min\": 0.0,\n  \"max\": 2.0\n}"},"old":{"module_name":"singularity_code_analysis__metrics__exit__tests","metadata":{},"snapshot":"{\n  \"sum\": 2.0,\n  \"average\": 1.0,\n  \"min\": 0.0,\n  \"max\": 1.0\n}"}}
{"run_id":"1761694917-904262134","line":223,"new":{"module_name":"singularity_code_analysis__metrics__exit__tests","snapshot_name":"rust_no_exit","metadata":{"source":"packages/singularity-code-analysis/src/metrics/exit.rs","assertion_line":223,"expression":"metric.nexits"},"snapshot":"{\n  \"sum\": 0.0,\n  \"average\": 0.0,\n  \"min\": 18446744073709552000.0,\n  \"max\": 0.0\n}"},"old":{"module_name":"singularity_code_analysis__metrics__exit__tests","metadata":{},"snapshot":"{\n  \"sum\": 0.0,\n  \"average\": null,\n  \"min\": 0.0,\n  \"max\": 0.0\n}"}}
{"run_id":"1761694917-904262134","line":274,"new":{"module_name":"singularity_code_analysis__metrics__exit__tests","snapshot_name":"javascript_no_exit","metadata":{"source":"packages/singularity-code-analysis/src/metrics/exit.rs","assertion_line":274,"expression":"metric.nexits"},"snapshot":"{\n  \"sum\": 0.0,\n  \"average\": 0.0,\n  \"min\": 18446744073709552000.0,\n  \"max\": 0.0\n}"},"old":{"module_name":"singularity_code_analysis__metrics__exit__tests","metadata":{},"snapshot":"{\n  \"sum\": 0.0,\n  \"average\": null,\n  \"min\": 0.0,\n  \"max\": 0.0\n}"}}
{"run_id":"1761694923-945243395","line":367,"new":null,"old":null}
{"run_id":"1761694923-945243395","line":391,"new":null,"old":null}
{"run_id":"1761694923-945243395","line":419,"new":null,"old":null}
{"run_id":"1761694923-945243395","line":206,"new":null,"old":null}
{"run_id":"1761694923-945243395","line":297,"new":null,"old":null}
{"run_id":"1761694923-945243395","line":257,"new":{"module_name":"singularity_code_analysis__metrics__exit__tests","snapshot_name":"c_no_exit","metadata":{"source":"packages/singularity-code-analysis/src/metrics/exit.rs","assertion_line":257,"expression":"metric.nexits"},"snapshot":"{\n  \"sum\": 0.0,\n  \"average\": 0.0,\n  \"min\": 18446744073709552000.0,\n  \"max\": 0.0\n}"},"old":{"module_name":"singularity_code_analysis__metrics__exit__tests","metadata":{},"snapshot":"{\n  \"sum\": 0.0,\n  \"average\": null,\n  \"min\": 0.0,\n  \"max\": 0.0\n}"}}
{"run_id":"1761694923-945243395","line":274,"new":{"module_name":"singularity_code_analysis__metrics__exit__tests","snapshot_name":"javascript_no_exit","metadata":{"source":"packages/singularity-code-analysis/src/metrics/exit.rs","assertion_line":274,"expression":"metric.nexits"},"snapshot":"{\n  \"sum\": 0.0,\n  \"average\": 0.0,\n  \"min\": 18446744073709552000.0,\n  \"max\": 0.0\n}"},"old":{"module_name":"singularity_code_analysis__metrics__exit__tests","metadata":{},"snapshot":"{\n  \"sum\": 0.0,\n  \"average\": null,\n  \"min\": 0.0,\n  \"max\": 0.0\n}"}}
{"run_id":"1761694923-945243395","line":323,"new":{"module_name":"singularity_code_analysis__metrics__exit__tests","snapshot_name":"python_more_functions","metadata":{"source":"packages/singularity-code-analysis/src/metrics/exit.rs","assertion_line":323,"expression":"metric.nexits"},"snapshot":"{\n  \"sum\": 2.0,\n  \"average\": 1.0,\n  \"min\": 0.0,\n  \"max\": 2.0\n}"},"old":{"module_name":"singularity_code_analysis__metrics__exit__tests","metadata":{},"snapshot":"{\n  \"sum\": 2.0,\n  \"average\": 1.0,\n  \"min\": 0.0,\n  \"max\": 1.0\n}"}}
{"run_id":"1761694923-945243395","line":349,"new":{"module_name":"singularity_code_analysis__metrics__exit__tests","snapshot_name":"python_nested_functions","metadata":{"source":"packages/singularity-code-analysis/src/metrics/exit.rs","assertion_line":349,"expression":"metric.nexits"},"snapshot":"{\n  \"sum\": 2.0,\n  \"average\": 1.0,\n  \"min\": 0.0,\n  \"max\": 2.0\n}"},"old":{"module_name":"singularity_code_analysis__metrics__exit__tests","metadata":{},"snapshot":"{\n  \"sum\": 2.0,\n  \"average\": 0.5,\n  \"min\": 0.0,\n  \"max\": 1.0\n}"}}
{"run_id":"1761694923-945243395","line":240,"new":{"module_name":"singularity_code_analysis__metrics__exit__tests","snapshot_name":"rust_question_mark","metadata":{"source":"packages/singularity-code-analysis/src/metrics/exit.rs","assertion_line":240,"expression":"metric.nexits"},"snapshot":"{\n  \"sum\": 0.0,\n  \"average\": 0.0,\n  \"min\": 18446744073709552000.0,\n  \"max\": 0.0\n}"},"old":{"module_name":"singularity_code_analysis__metrics__exit__tests","metadata":{},"snapshot":"{\n  \"sum\": 3.0,\n  \"average\": null,\n  \"min\": 3.0,\n  \"max\": 3.0\n}"}}
{"run_id":"1761694923-945243395","line":223,"new":{"module_name":"singularity_code_analysis__metrics__exit__tests","snapshot_name":"rust_no_exit","metadata":{"source":"packages/singularity-code-analysis/src/metrics/exit.rs","assertion_line":223,"expression":"metric.nexits"},"snapshot":"{\n  \"sum\": 0.0,\n  \"average\": 0.0,\n  \"min\": 18446744073709552000.0,\n  \"max\": 0.0\n}"},"old":{"module_name":"singularity_code_analysis__metrics__exit__tests","metadata":{},"snapshot":"{\n  \"sum\": 0.0,\n  \"average\": null,\n  \"min\": 0.0,\n  \"max\": 0.0\n}"}}
