{"run_id":"1761690450-858526232","line":427,"new":{"module_name":"singularity_code_analysis__metrics__nom__tests","snapshot_name":"javascript_assignment_nom","metadata":{"source":"packages/singularity-code-analysis/src/metrics/nom.rs","assertion_line":427,"expression":"metric.nom"},"snapshot":"{\n  \"functions\": 0.0,\n  \"closures\": 2.0,\n  \"functions_average\": 0.0,\n  \"closures_average\": 2.0,\n  \"total\": 2.0,\n  \"average\": 2.0,\n  \"functions_min\": 0.0,\n  \"functions_max\": 0.0,\n  \"closures_min\": 1.0,\n  \"closures_max\": 1.0\n}"},"old":{"module_name":"singularity_code_analysis__metrics__nom__tests","metadata":{},"snapshot":"{\n  \"functions\": 1.0,\n  \"closures\": 0.0,\n  \"functions_average\": 0.5,\n  \"closures_average\": 0.0,\n  \"total\": 1.0,\n  \"average\": 0.5,\n  \"functions_min\": 0.0,\n  \"functions_max\": 1.0,\n  \"closures_min\": 0.0,\n  \"closures_max\": 0.0\n}"}}
{"run_id":"1761690450-858526232","line":455,"new":{"module_name":"singularity_code_analysis__metrics__nom__tests","snapshot_name":"javascript_labeled_nom","metadata":{"source":"packages/singularity-code-analysis/src/metrics/nom.rs","assertion_line":455,"expression":"metric.nom"},"snapshot":"{\n  \"functions\": 0.0,\n  \"closures\": 1.0,\n  \"functions_average\": 0.0,\n  \"closures_average\": 1.0,\n  \"total\": 1.0,\n  \"average\": 1.0,\n  \"functions_min\": 0.0,\n  \"functions_max\": 0.0,\n  \"closures_min\": 1.0,\n  \"closures_max\": 1.0\n}"},"old":{"module_name":"singularity_code_analysis__metrics__nom__tests","metadata":{},"snapshot":"{\n  \"functions\": 1.0,\n  \"closures\": 0.0,\n  \"functions_average\": 0.5,\n  \"closures_average\": 0.0,\n  \"total\": 1.0,\n  \"average\": 0.5,\n  \"functions_min\": 0.0,\n  \"functions_max\": 1.0,\n  \"closures_min\": 0.0,\n  \"closures_max\": 0.0\n}"}}
{"run_id":"1761690450-858526232","line":403,"new":{"module_name":"singularity_code_analysis__metrics__nom__tests","snapshot_name":"javascript_call_nom","metadata":{"source":"packages/singularity-code-analysis/src/metrics/nom.rs","assertion_line":403,"expression":"metric.nom"},"snapshot":"{\n  \"functions\": 0.0,\n  \"closures\": 2.0,\n  \"functions_average\": 0.0,\n  \"closures_average\": 2.0,\n  \"total\": 2.0,\n  \"average\": 2.0,\n  \"functions_min\": 0.0,\n  \"functions_max\": 0.0,\n  \"closures_min\": 1.0,\n  \"closures_max\": 1.0\n}"},"old":{"module_name":"singularity_code_analysis__metrics__nom__tests","metadata":{},"snapshot":"{\n  \"functions\": 1.0,\n  \"closures\": 0.0,\n  \"functions_average\": 0.5,\n  \"closures_average\": 0.0,\n  \"total\": 1.0,\n  \"average\": 0.5,\n  \"functions_min\": 0.0,\n  \"functions_max\": 1.0,\n  \"closures_min\": 0.0,\n  \"closures_max\": 0.0\n}"}}
{"run_id":"1761690450-858526232","line":373,"new":{"module_name":"singularity_code_analysis__metrics__nom__tests","snapshot_name":"javascript_nom","metadata":{"source":"packages/singularity-code-analysis/src/metrics/nom.rs","assertion_line":373,"expression":"metric.nom"},"snapshot":"{\n  \"functions\": 0.0,\n  \"closures\": 4.0,\n  \"functions_average\": 0.0,\n  \"closures_average\": 1.0,\n  \"total\": 4.0,\n  \"average\": 1.0,\n  \"functions_min\": 0.0,\n  \"functions_max\": 0.0,\n  \"closures_min\": 1.0,\n  \"closures_max\": 1.0\n}"},"old":{"module_name":"singularity_code_analysis__metrics__nom__tests","metadata":{},"snapshot":"{\n  \"functions\": 3.0,\n  \"closures\": 1.0,\n  \"functions_average\": 0.6,\n  \"closures_average\": 0.2,\n  \"total\": 4.0,\n  \"average\": 0.8,\n  \"functions_min\": 0.0,\n  \"functions_max\": 1.0,\n  \"closures_min\": 0.0,\n  \"closures_max\": 1.0\n}"}}
{"run_id":"1761690450-858526232","line":241,"new":{"module_name":"singularity_code_analysis__metrics__nom__tests","snapshot_name":"python_nom","metadata":{"source":"packages/singularity-code-analysis/src/metrics/nom.rs","assertion_line":241,"expression":"metric.nom"},"snapshot":"{\n  \"functions\": 3.0,\n  \"closures\": 0.0,\n  \"functions_average\": 0.75,\n  \"closures_average\": 0.0,\n  \"total\": 3.0,\n  \"average\": 0.75,\n  \"functions_min\": 0.0,\n  \"functions_max\": 1.0,\n  \"closures_min\": 0.0,\n  \"closures_max\": 0.0\n}"},"old":{"module_name":"singularity_code_analysis__metrics__nom__tests","metadata":{},"snapshot":"{\n  \"functions\": 3.0,\n  \"closures\": 1.0,\n  \"functions_average\": 0.75,\n  \"closures_average\": 0.25,\n  \"total\": 4.0,\n  \"average\": 1.0,\n  \"functions_min\": 0.0,\n  \"functions_max\": 1.0,\n  \"closures_min\": 0.0,\n  \"closures_max\": 1.0\n}"}}
{"run_id":"1761690450-858526232","line":515,"new":{"module_name":"singularity_code_analysis__metrics__nom__tests","snapshot_name":"javascript_pair_nom","metadata":{"source":"packages/singularity-code-analysis/src/metrics/nom.rs","assertion_line":515,"expression":"metric.nom"},"snapshot":"{\n  \"functions\": 0.0,\n  \"closures\": 2.0,\n  \"functions_average\": 0.0,\n  \"closures_average\": 2.0,\n  \"total\": 2.0,\n  \"average\": 2.0,\n  \"functions_min\": 0.0,\n  \"functions_max\": 0.0,\n  \"closures_min\": 1.0,\n  \"closures_max\": 1.0\n}"},"old":{"module_name":"singularity_code_analysis__metrics__nom__tests","metadata":{},"snapshot":"{\n  \"functions\": 1.0,\n  \"closures\": 0.0,\n  \"functions_average\": 0.5,\n  \"closures_average\": 0.0,\n  \"total\": 1.0,\n  \"average\": 0.5,\n  \"functions_min\": 0.0,\n  \"functions_max\": 1.0,\n  \"closures_min\": 0.0,\n  \"closures_max\": 0.0\n}"}}
{"run_id":"1761690450-858526232","line":546,"new":{"module_name":"singularity_code_analysis__metrics__nom__tests","snapshot_name":"javascript_unnamed_nom","metadata":{"source":"packages/singularity-code-analysis/src/metrics/nom.rs","assertion_line":546,"expression":"metric.nom"},"snapshot":"{\n  \"functions\": 0.0,\n  \"closures\": 3.0,\n  \"functions_average\": 0.0,\n  \"closures_average\": 1.5,\n  \"total\": 3.0,\n  \"average\": 1.5,\n  \"functions_min\": 0.0,\n  \"functions_max\": 0.0,\n  \"closures_min\": 1.0,\n  \"closures_max\": 1.0\n}"},"old":{"module_name":"singularity_code_analysis__metrics__nom__tests","metadata":{},"snapshot":"{\n  \"functions\": 0.0,\n  \"closures\": 2.0,\n  \"functions_average\": 0.0,\n  \"closures_average\": 0.6666666666666666,\n  \"total\": 2.0,\n  \"average\": 0.6666666666666666,\n  \"functions_min\": 0.0,\n  \"functions_max\": 0.0,\n  \"closures_min\": 0.0,\n  \"closures_max\": 1.0\n}"}}
{"run_id":"1761690858-786052972","line":730,"new":null,"old":null}
{"run_id":"1761690858-786052972","line":686,"new":null,"old":null}
{"run_id":"1761690858-786052972","line":403,"new":{"module_name":"singularity_code_analysis__metrics__nom__tests","snapshot_name":"javascript_call_nom","metadata":{"source":"packages/singularity-code-analysis/src/metrics/nom.rs","assertion_line":403,"expression":"metric.nom"},"snapshot":"{\n  \"functions\": 0.0,\n  \"closures\": 2.0,\n  \"functions_average\": 0.0,\n  \"closures_average\": 2.0,\n  \"total\": 2.0,\n  \"average\": 2.0,\n  \"functions_min\": 0.0,\n  \"functions_max\": 0.0,\n  \"closures_min\": 1.0,\n  \"closures_max\": 1.0\n}"},"old":{"module_name":"singularity_code_analysis__metrics__nom__tests","metadata":{},"snapshot":"{\n  \"functions\": 1.0,\n  \"closures\": 0.0,\n  \"functions_average\": 0.5,\n  \"closures_average\": 0.0,\n  \"total\": 1.0,\n  \"average\": 0.5,\n  \"functions_min\": 0.0,\n  \"functions_max\": 1.0,\n  \"closures_min\": 0.0,\n  \"closures_max\": 0.0\n}"}}
{"run_id":"1761690858-786052972","line":455,"new":{"module_name":"singularity_code_analysis__metrics__nom__tests","snapshot_name":"javascript_labeled_nom","metadata":{"source":"packages/singularity-code-analysis/src/metrics/nom.rs","assertion_line":455,"expression":"metric.nom"},"snapshot":"{\n  \"functions\": 0.0,\n  \"closures\": 1.0,\n  \"functions_average\": 0.0,\n  \"closures_average\": 1.0,\n  \"total\": 1.0,\n  \"average\": 1.0,\n  \"functions_min\": 0.0,\n  \"functions_max\": 0.0,\n  \"closures_min\": 1.0,\n  \"closures_max\": 1.0\n}"},"old":{"module_name":"singularity_code_analysis__metrics__nom__tests","metadata":{},"snapshot":"{\n  \"functions\": 1.0,\n  \"closures\": 0.0,\n  \"functions_average\": 0.5,\n  \"closures_average\": 0.0,\n  \"total\": 1.0,\n  \"average\": 0.5,\n  \"functions_min\": 0.0,\n  \"functions_max\": 1.0,\n  \"closures_min\": 0.0,\n  \"closures_max\": 0.0\n}"}}
{"run_id":"1761690858-786052972","line":427,"new":{"module_name":"singularity_code_analysis__metrics__nom__tests","snapshot_name":"javascript_assignment_nom","metadata":{"source":"packages/singularity-code-analysis/src/metrics/nom.rs","assertion_line":427,"expression":"metric.nom"},"snapshot":"{\n  \"functions\": 0.0,\n  \"closures\": 2.0,\n  \"functions_average\": 0.0,\n  \"closures_average\": 2.0,\n  \"total\": 2.0,\n  \"average\": 2.0,\n  \"functions_min\": 0.0,\n  \"functions_max\": 0.0,\n  \"closures_min\": 1.0,\n  \"closures_max\": 1.0\n}"},"old":{"module_name":"singularity_code_analysis__metrics__nom__tests","metadata":{},"snapshot":"{\n  \"functions\": 1.0,\n  \"closures\": 0.0,\n  \"functions_average\": 0.5,\n  \"closures_average\": 0.0,\n  \"total\": 1.0,\n  \"average\": 0.5,\n  \"functions_min\": 0.0,\n  \"functions_max\": 1.0,\n  \"closures_min\": 0.0,\n  \"closures_max\": 0.0\n}"}}
{"run_id":"1761690858-786052972","line":373,"new":{"module_name":"singularity_code_analysis__metrics__nom__tests","snapshot_name":"javascript_nom","metadata":{"source":"packages/singularity-code-analysis/src/metrics/nom.rs","assertion_line":373,"expression":"metric.nom"},"snapshot":"{\n  \"functions\": 0.0,\n  \"closures\": 4.0,\n  \"functions_average\": 0.0,\n  \"closures_average\": 1.0,\n  \"total\": 4.0,\n  \"average\": 1.0,\n  \"functions_min\": 0.0,\n  \"functions_max\": 0.0,\n  \"closures_min\": 1.0,\n  \"closures_max\": 1.0\n}"},"old":{"module_name":"singularity_code_analysis__metrics__nom__tests","metadata":{},"snapshot":"{\n  \"functions\": 3.0,\n  \"closures\": 1.0,\n  \"functions_average\": 0.6,\n  \"closures_average\": 0.2,\n  \"total\": 4.0,\n  \"average\": 0.8,\n  \"functions_min\": 0.0,\n  \"functions_max\": 1.0,\n  \"closures_min\": 0.0,\n  \"closures_max\": 1.0\n}"}}
{"run_id":"1761690858-786052972","line":546,"new":{"module_name":"singularity_code_analysis__metrics__nom__tests","snapshot_name":"javascript_unnamed_nom","metadata":{"source":"packages/singularity-code-analysis/src/metrics/nom.rs","assertion_line":546,"expression":"metric.nom"},"snapshot":"{\n  \"functions\": 0.0,\n  \"closures\": 3.0,\n  \"functions_average\": 0.0,\n  \"closures_average\": 1.5,\n  \"total\": 3.0,\n  \"average\": 1.5,\n  \"functions_min\": 0.0,\n  \"functions_max\": 0.0,\n  \"closures_min\": 1.0,\n  \"closures_max\": 1.0\n}"},"old":{"module_name":"singularity_code_analysis__metrics__nom__tests","metadata":{},"snapshot":"{\n  \"functions\": 0.0,\n  \"closures\": 2.0,\n  \"functions_average\": 0.0,\n  \"closures_average\": 0.6666666666666666,\n  \"total\": 2.0,\n  \"average\": 0.6666666666666666,\n  \"functions_min\": 0.0,\n  \"functions_max\": 0.0,\n  \"closures_min\": 0.0,\n  \"closures_max\": 1.0\n}"}}
{"run_id":"1761690858-786052972","line":515,"new":{"module_name":"singularity_code_analysis__metrics__nom__tests","snapshot_name":"javascript_pair_nom","metadata":{"source":"packages/singularity-code-analysis/src/metrics/nom.rs","assertion_line":515,"expression":"metric.nom"},"snapshot":"{\n  \"functions\": 0.0,\n  \"closures\": 2.0,\n  \"functions_average\": 0.0,\n  \"closures_average\": 2.0,\n  \"total\": 2.0,\n  \"average\": 2.0,\n  \"functions_min\": 0.0,\n  \"functions_max\": 0.0,\n  \"closures_min\": 1.0,\n  \"closures_max\": 1.0\n}"},"old":{"module_name":"singularity_code_analysis__metrics__nom__tests","metadata":{},"snapshot":"{\n  \"functions\": 1.0,\n  \"closures\": 0.0,\n  \"functions_average\": 0.5,\n  \"closures_average\": 0.0,\n  \"total\": 1.0,\n  \"average\": 0.5,\n  \"functions_min\": 0.0,\n  \"functions_max\": 1.0,\n  \"closures_min\": 0.0,\n  \"closures_max\": 0.0\n}"}}
{"run_id":"1761690858-786052972","line":241,"new":{"module_name":"singularity_code_analysis__metrics__nom__tests","snapshot_name":"python_nom","metadata":{"source":"packages/singularity-code-analysis/src/metrics/nom.rs","assertion_line":241,"expression":"metric.nom"},"snapshot":"{\n  \"functions\": 3.0,\n  \"closures\": 0.0,\n  \"functions_average\": 0.75,\n  \"closures_average\": 0.0,\n  \"total\": 3.0,\n  \"average\": 0.75,\n  \"functions_min\": 0.0,\n  \"functions_max\": 1.0,\n  \"closures_min\": 0.0,\n  \"closures_max\": 0.0\n}"},"old":{"module_name":"singularity_code_analysis__metrics__nom__tests","metadata":{},"snapshot":"{\n  \"functions\": 3.0,\n  \"closures\": 1.0,\n  \"functions_average\": 0.75,\n  \"closures_average\": 0.25,\n  \"total\": 4.0,\n  \"average\": 1.0,\n  \"functions_min\": 0.0,\n  \"functions_max\": 1.0,\n  \"closures_min\": 0.0,\n  \"closures_max\": 1.0\n}"}}
{"run_id":"1761691443-195689724","line":730,"new":null,"old":null}
{"run_id":"1761691443-195689724","line":686,"new":null,"old":null}
{"run_id":"1761691443-195689724","line":427,"new":{"module_name":"singularity_code_analysis__metrics__nom__tests","snapshot_name":"javascript_assignment_nom","metadata":{"source":"packages/singularity-code-analysis/src/metrics/nom.rs","assertion_line":427,"expression":"metric.nom"},"snapshot":"{\n  \"functions\": 0.0,\n  \"closures\": 2.0,\n  \"functions_average\": 0.0,\n  \"closures_average\": 2.0,\n  \"total\": 2.0,\n  \"average\": 2.0,\n  \"functions_min\": 0.0,\n  \"functions_max\": 0.0,\n  \"closures_min\": 1.0,\n  \"closures_max\": 1.0\n}"},"old":{"module_name":"singularity_code_analysis__metrics__nom__tests","metadata":{},"snapshot":"{\n  \"functions\": 1.0,\n  \"closures\": 0.0,\n  \"functions_average\": 0.5,\n  \"closures_average\": 0.0,\n  \"total\": 1.0,\n  \"average\": 0.5,\n  \"functions_min\": 0.0,\n  \"functions_max\": 1.0,\n  \"closures_min\": 0.0,\n  \"closures_max\": 0.0\n}"}}
{"run_id":"1761691443-195689724","line":403,"new":{"module_name":"singularity_code_analysis__metrics__nom__tests","snapshot_name":"javascript_call_nom","metadata":{"source":"packages/singularity-code-analysis/src/metrics/nom.rs","assertion_line":403,"expression":"metric.nom"},"snapshot":"{\n  \"functions\": 0.0,\n  \"closures\": 2.0,\n  \"functions_average\": 0.0,\n  \"closures_average\": 2.0,\n  \"total\": 2.0,\n  \"average\": 2.0,\n  \"functions_min\": 0.0,\n  \"functions_max\": 0.0,\n  \"closures_min\": 1.0,\n  \"closures_max\": 1.0\n}"},"old":{"module_name":"singularity_code_analysis__metrics__nom__tests","metadata":{},"snapshot":"{\n  \"functions\": 1.0,\n  \"closures\": 0.0,\n  \"functions_average\": 0.5,\n  \"closures_average\": 0.0,\n  \"total\": 1.0,\n  \"average\": 0.5,\n  \"functions_min\": 0.0,\n  \"functions_max\": 1.0,\n  \"closures_min\": 0.0,\n  \"closures_max\": 0.0\n}"}}
{"run_id":"1761691443-195689724","line":373,"new":{"module_name":"singularity_code_analysis__metrics__nom__tests","snapshot_name":"javascript_nom","metadata":{"source":"packages/singularity-code-analysis/src/metrics/nom.rs","assertion_line":373,"expression":"metric.nom"},"snapshot":"{\n  \"functions\": 0.0,\n  \"closures\": 4.0,\n  \"functions_average\": 0.0,\n  \"closures_average\": 1.0,\n  \"total\": 4.0,\n  \"average\": 1.0,\n  \"functions_min\": 0.0,\n  \"functions_max\": 0.0,\n  \"closures_min\": 1.0,\n  \"closures_max\": 1.0\n}"},"old":{"module_name":"singularity_code_analysis__metrics__nom__tests","metadata":{},"snapshot":"{\n  \"functions\": 3.0,\n  \"closures\": 1.0,\n  \"functions_average\": 0.6,\n  \"closures_average\": 0.2,\n  \"total\": 4.0,\n  \"average\": 0.8,\n  \"functions_min\": 0.0,\n  \"functions_max\": 1.0,\n  \"closures_min\": 0.0,\n  \"closures_max\": 1.0\n}"}}
{"run_id":"1761691443-195689724","line":455,"new":{"module_name":"singularity_code_analysis__metrics__nom__tests","snapshot_name":"javascript_labeled_nom","metadata":{"source":"packages/singularity-code-analysis/src/metrics/nom.rs","assertion_line":455,"expression":"metric.nom"},"snapshot":"{\n  \"functions\": 0.0,\n  \"closures\": 1.0,\n  \"functions_average\": 0.0,\n  \"closures_average\": 1.0,\n  \"total\": 1.0,\n  \"average\": 1.0,\n  \"functions_min\": 0.0,\n  \"functions_max\": 0.0,\n  \"closures_min\": 1.0,\n  \"closures_max\": 1.0\n}"},"old":{"module_name":"singularity_code_analysis__metrics__nom__tests","metadata":{},"snapshot":"{\n  \"functions\": 1.0,\n  \"closures\": 0.0,\n  \"functions_average\": 0.5,\n  \"closures_average\": 0.0,\n  \"total\": 1.0,\n  \"average\": 0.5,\n  \"functions_min\": 0.0,\n  \"functions_max\": 1.0,\n  \"closures_min\": 0.0,\n  \"closures_max\": 0.0\n}"}}
{"run_id":"1761691443-195689724","line":515,"new":{"module_name":"singularity_code_analysis__metrics__nom__tests","snapshot_name":"javascript_pair_nom","metadata":{"source":"packages/singularity-code-analysis/src/metrics/nom.rs","assertion_line":515,"expression":"metric.nom"},"snapshot":"{\n  \"functions\": 0.0,\n  \"closures\": 2.0,\n  \"functions_average\": 0.0,\n  \"closures_average\": 2.0,\n  \"total\": 2.0,\n  \"average\": 2.0,\n  \"functions_min\": 0.0,\n  \"functions_max\": 0.0,\n  \"closures_min\": 1.0,\n  \"closures_max\": 1.0\n}"},"old":{"module_name":"singularity_code_analysis__metrics__nom__tests","metadata":{},"snapshot":"{\n  \"functions\": 1.0,\n  \"closures\": 0.0,\n  \"functions_average\": 0.5,\n  \"closures_average\": 0.0,\n  \"total\": 1.0,\n  \"average\": 0.5,\n  \"functions_min\": 0.0,\n  \"functions_max\": 1.0,\n  \"closures_min\": 0.0,\n  \"closures_max\": 0.0\n}"}}
{"run_id":"1761691443-195689724","line":546,"new":{"module_name":"singularity_code_analysis__metrics__nom__tests","snapshot_name":"javascript_unnamed_nom","metadata":{"source":"packages/singularity-code-analysis/src/metrics/nom.rs","assertion_line":546,"expression":"metric.nom"},"snapshot":"{\n  \"functions\": 0.0,\n  \"closures\": 3.0,\n  \"functions_average\": 0.0,\n  \"closures_average\": 1.5,\n  \"total\": 3.0,\n  \"average\": 1.5,\n  \"functions_min\": 0.0,\n  \"functions_max\": 0.0,\n  \"closures_min\": 1.0,\n  \"closures_max\": 1.0\n}"},"old":{"module_name":"singularity_code_analysis__metrics__nom__tests","metadata":{},"snapshot":"{\n  \"functions\": 0.0,\n  \"closures\": 2.0,\n  \"functions_average\": 0.0,\n  \"closures_average\": 0.6666666666666666,\n  \"total\": 2.0,\n  \"average\": 0.6666666666666666,\n  \"functions_min\": 0.0,\n  \"functions_max\": 0.0,\n  \"closures_min\": 0.0,\n  \"closures_max\": 1.0\n}"}}
{"run_id":"1761691443-195689724","line":241,"new":{"module_name":"singularity_code_analysis__metrics__nom__tests","snapshot_name":"python_nom","metadata":{"source":"packages/singularity-code-analysis/src/metrics/nom.rs","assertion_line":241,"expression":"metric.nom"},"snapshot":"{\n  \"functions\": 3.0,\n  \"closures\": 0.0,\n  \"functions_average\": 0.75,\n  \"closures_average\": 0.0,\n  \"total\": 3.0,\n  \"average\": 0.75,\n  \"functions_min\": 0.0,\n  \"functions_max\": 1.0,\n  \"closures_min\": 0.0,\n  \"closures_max\": 0.0\n}"},"old":{"module_name":"singularity_code_analysis__metrics__nom__tests","metadata":{},"snapshot":"{\n  \"functions\": 3.0,\n  \"closures\": 1.0,\n  \"functions_average\": 0.75,\n  \"closures_average\": 0.25,\n  \"total\": 4.0,\n  \"average\": 1.0,\n  \"functions_min\": 0.0,\n  \"functions_max\": 1.0,\n  \"closures_min\": 0.0,\n  \"closures_max\": 1.0\n}"}}
{"run_id":"1761691454-42514804","line":730,"new":null,"old":null}
{"run_id":"1761691454-42514804","line":686,"new":null,"old":null}
{"run_id":"1761691454-42514804","line":455,"new":{"module_name":"singularity_code_analysis__metrics__nom__tests","snapshot_name":"javascript_labeled_nom","metadata":{"source":"packages/singularity-code-analysis/src/metrics/nom.rs","assertion_line":455,"expression":"metric.nom"},"snapshot":"{\n  \"functions\": 0.0,\n  \"closures\": 1.0,\n  \"functions_average\": 0.0,\n  \"closures_average\": 1.0,\n  \"total\": 1.0,\n  \"average\": 1.0,\n  \"functions_min\": 0.0,\n  \"functions_max\": 0.0,\n  \"closures_min\": 1.0,\n  \"closures_max\": 1.0\n}"},"old":{"module_name":"singularity_code_analysis__metrics__nom__tests","metadata":{},"snapshot":"{\n  \"functions\": 1.0,\n  \"closures\": 0.0,\n  \"functions_average\": 0.5,\n  \"closures_average\": 0.0,\n  \"total\": 1.0,\n  \"average\": 0.5,\n  \"functions_min\": 0.0,\n  \"functions_max\": 1.0,\n  \"closures_min\": 0.0,\n  \"closures_max\": 0.0\n}"}}
{"run_id":"1761691454-42514804","line":403,"new":{"module_name":"singularity_code_analysis__metrics__nom__tests","snapshot_name":"javascript_call_nom","metadata":{"source":"packages/singularity-code-analysis/src/metrics/nom.rs","assertion_line":403,"expression":"metric.nom"},"snapshot":"{\n  \"functions\": 0.0,\n  \"closures\": 2.0,\n  \"functions_average\": 0.0,\n  \"closures_average\": 2.0,\n  \"total\": 2.0,\n  \"average\": 2.0,\n  \"functions_min\": 0.0,\n  \"functions_max\": 0.0,\n  \"closures_min\": 1.0,\n  \"closures_max\": 1.0\n}"},"old":{"module_name":"singularity_code_analysis__metrics__nom__tests","metadata":{},"snapshot":"{\n  \"functions\": 1.0,\n  \"closures\": 0.0,\n  \"functions_average\": 0.5,\n  \"closures_average\": 0.0,\n  \"total\": 1.0,\n  \"average\": 0.5,\n  \"functions_min\": 0.0,\n  \"functions_max\": 1.0,\n  \"closures_min\": 0.0,\n  \"closures_max\": 0.0\n}"}}
{"run_id":"1761691454-42514804","line":427,"new":{"module_name":"singularity_code_analysis__metrics__nom__tests","snapshot_name":"javascript_assignment_nom","metadata":{"source":"packages/singularity-code-analysis/src/metrics/nom.rs","assertion_line":427,"expression":"metric.nom"},"snapshot":"{\n  \"functions\": 0.0,\n  \"closures\": 2.0,\n  \"functions_average\": 0.0,\n  \"closures_average\": 2.0,\n  \"total\": 2.0,\n  \"average\": 2.0,\n  \"functions_min\": 0.0,\n  \"functions_max\": 0.0,\n  \"closures_min\": 1.0,\n  \"closures_max\": 1.0\n}"},"old":{"module_name":"singularity_code_analysis__metrics__nom__tests","metadata":{},"snapshot":"{\n  \"functions\": 1.0,\n  \"closures\": 0.0,\n  \"functions_average\": 0.5,\n  \"closures_average\": 0.0,\n  \"total\": 1.0,\n  \"average\": 0.5,\n  \"functions_min\": 0.0,\n  \"functions_max\": 1.0,\n  \"closures_min\": 0.0,\n  \"closures_max\": 0.0\n}"}}
{"run_id":"1761691454-42514804","line":373,"new":{"module_name":"singularity_code_analysis__metrics__nom__tests","snapshot_name":"javascript_nom","metadata":{"source":"packages/singularity-code-analysis/src/metrics/nom.rs","assertion_line":373,"expression":"metric.nom"},"snapshot":"{\n  \"functions\": 0.0,\n  \"closures\": 4.0,\n  \"functions_average\": 0.0,\n  \"closures_average\": 1.0,\n  \"total\": 4.0,\n  \"average\": 1.0,\n  \"functions_min\": 0.0,\n  \"functions_max\": 0.0,\n  \"closures_min\": 1.0,\n  \"closures_max\": 1.0\n}"},"old":{"module_name":"singularity_code_analysis__metrics__nom__tests","metadata":{},"snapshot":"{\n  \"functions\": 3.0,\n  \"closures\": 1.0,\n  \"functions_average\": 0.6,\n  \"closures_average\": 0.2,\n  \"total\": 4.0,\n  \"average\": 0.8,\n  \"functions_min\": 0.0,\n  \"functions_max\": 1.0,\n  \"closures_min\": 0.0,\n  \"closures_max\": 1.0\n}"}}
{"run_id":"1761691454-42514804","line":515,"new":{"module_name":"singularity_code_analysis__metrics__nom__tests","snapshot_name":"javascript_pair_nom","metadata":{"source":"packages/singularity-code-analysis/src/metrics/nom.rs","assertion_line":515,"expression":"metric.nom"},"snapshot":"{\n  \"functions\": 0.0,\n  \"closures\": 2.0,\n  \"functions_average\": 0.0,\n  \"closures_average\": 2.0,\n  \"total\": 2.0,\n  \"average\": 2.0,\n  \"functions_min\": 0.0,\n  \"functions_max\": 0.0,\n  \"closures_min\": 1.0,\n  \"closures_max\": 1.0\n}"},"old":{"module_name":"singularity_code_analysis__metrics__nom__tests","metadata":{},"snapshot":"{\n  \"functions\": 1.0,\n  \"closures\": 0.0,\n  \"functions_average\": 0.5,\n  \"closures_average\": 0.0,\n  \"total\": 1.0,\n  \"average\": 0.5,\n  \"functions_min\": 0.0,\n  \"functions_max\": 1.0,\n  \"closures_min\": 0.0,\n  \"closures_max\": 0.0\n}"}}
{"run_id":"1761691454-42514804","line":546,"new":{"module_name":"singularity_code_analysis__metrics__nom__tests","snapshot_name":"javascript_unnamed_nom","metadata":{"source":"packages/singularity-code-analysis/src/metrics/nom.rs","assertion_line":546,"expression":"metric.nom"},"snapshot":"{\n  \"functions\": 0.0,\n  \"closures\": 3.0,\n  \"functions_average\": 0.0,\n  \"closures_average\": 1.5,\n  \"total\": 3.0,\n  \"average\": 1.5,\n  \"functions_min\": 0.0,\n  \"functions_max\": 0.0,\n  \"closures_min\": 1.0,\n  \"closures_max\": 1.0\n}"},"old":{"module_name":"singularity_code_analysis__metrics__nom__tests","metadata":{},"snapshot":"{\n  \"functions\": 0.0,\n  \"closures\": 2.0,\n  \"functions_average\": 0.0,\n  \"closures_average\": 0.6666666666666666,\n  \"total\": 2.0,\n  \"average\": 0.6666666666666666,\n  \"functions_min\": 0.0,\n  \"functions_max\": 0.0,\n  \"closures_min\": 0.0,\n  \"closures_max\": 1.0\n}"}}
{"run_id":"1761691454-42514804","line":241,"new":{"module_name":"singularity_code_analysis__metrics__nom__tests","snapshot_name":"python_nom","metadata":{"source":"packages/singularity-code-analysis/src/metrics/nom.rs","assertion_line":241,"expression":"metric.nom"},"snapshot":"{\n  \"functions\": 3.0,\n  \"closures\": 0.0,\n  \"functions_average\": 0.75,\n  \"closures_average\": 0.0,\n  \"total\": 3.0,\n  \"average\": 0.75,\n  \"functions_min\": 0.0,\n  \"functions_max\": 1.0,\n  \"closures_min\": 0.0,\n  \"closures_max\": 0.0\n}"},"old":{"module_name":"singularity_code_analysis__metrics__nom__tests","metadata":{},"snapshot":"{\n  \"functions\": 3.0,\n  \"closures\": 1.0,\n  \"functions_average\": 0.75,\n  \"closures_average\": 0.25,\n  \"total\": 4.0,\n  \"average\": 1.0,\n  \"functions_min\": 0.0,\n  \"functions_max\": 1.0,\n  \"closures_min\": 0.0,\n  \"closures_max\": 1.0\n}"}}
{"run_id":"1761691890-590891511","line":738,"new":null,"old":null}
{"run_id":"1761691890-590891511","line":694,"new":null,"old":null}
{"run_id":"1761691890-590891511","line":301,"new":{"module_name":"singularity_code_analysis__metrics__nom__tests","snapshot_name":"c_nom","metadata":{"source":"packages/singularity-code-analysis/src/metrics/nom.rs","assertion_line":301,"expression":"metric.nom"},"snapshot":"{\n  \"functions\": 0.0,\n  \"closures\": 0.0,\n  \"functions_average\": 0.0,\n  \"closures_average\": 0.0,\n  \"total\": 0.0,\n  \"average\": 0.0,\n  \"functions_min\": 18446744073709552000.0,\n  \"functions_max\": 0.0,\n  \"closures_min\": 18446744073709552000.0,\n  \"closures_max\": 0.0\n}"},"old":{"module_name":"singularity_code_analysis__metrics__nom__tests","metadata":{},"snapshot":"{\n  \"functions\": 1.0,\n  \"closures\": 0.0,\n  \"functions_average\": 0.5,\n  \"closures_average\": 0.0,\n  \"total\": 1.0,\n  \"average\": 0.5,\n  \"functions_min\": 0.0,\n  \"functions_max\": 1.0,\n  \"closures_min\": 0.0,\n  \"closures_max\": 0.0\n}"}}
{"run_id":"1761691890-590891511","line":605,"new":{"module_name":"singularity_code_analysis__metrics__nom__tests","snapshot_name":"javascript_arrow_assignment_nom","metadata":{"source":"packages/singularity-code-analysis/src/metrics/nom.rs","assertion_line":605,"expression":"metric.nom"},"snapshot":"{\n  \"functions\": 0.0,\n  \"closures\": 0.0,\n  \"functions_average\": 0.0,\n  \"closures_average\": 0.0,\n  \"total\": 0.0,\n  \"average\": 0.0,\n  \"functions_min\": 18446744073709552000.0,\n  \"functions_max\": 0.0,\n  \"closures_min\": 18446744073709552000.0,\n  \"closures_max\": 0.0\n}"},"old":{"module_name":"singularity_code_analysis__metrics__nom__tests","metadata":{},"snapshot":"{\n  \"functions\": 1.0,\n  \"closures\": 0.0,\n  \"functions_average\": 0.5,\n  \"closures_average\": 0.0,\n  \"total\": 1.0,\n  \"average\": 0.5,\n  \"functions_min\": 0.0,\n  \"functions_max\": 1.0,\n  \"closures_min\": 0.0,\n  \"closures_max\": 0.0\n}"}}
{"run_id":"1761691890-590891511","line":631,"new":{"module_name":"singularity_code_analysis__metrics__nom__tests","snapshot_name":"javascript_arrow_new_nom","metadata":{"source":"packages/singularity-code-analysis/src/metrics/nom.rs","assertion_line":631,"expression":"metric.nom"},"snapshot":"{\n  \"functions\": 0.0,\n  \"closures\": 0.0,\n  \"functions_average\": 0.0,\n  \"closures_average\": 0.0,\n  \"total\": 0.0,\n  \"average\": 0.0,\n  \"functions_min\": 18446744073709552000.0,\n  \"functions_max\": 0.0,\n  \"closures_min\": 18446744073709552000.0,\n  \"closures_max\": 0.0\n}"},"old":{"module_name":"singularity_code_analysis__metrics__nom__tests","metadata":{},"snapshot":"{\n  \"functions\": 0.0,\n  \"closures\": 1.0,\n  \"functions_average\": 0.0,\n  \"closures_average\": 0.5,\n  \"total\": 1.0,\n  \"average\": 0.5,\n  \"functions_min\": 0.0,\n  \"functions_max\": 0.0,\n  \"closures_min\": 0.0,\n  \"closures_max\": 1.0\n}"}}
{"run_id":"1761691890-590891511","line":332,"new":{"module_name":"singularity_code_analysis__metrics__nom__tests","snapshot_name":"cpp_nom","metadata":{"source":"packages/singularity-code-analysis/src/metrics/nom.rs","assertion_line":332,"expression":"metric.nom"},"snapshot":"{\n  \"functions\": 0.0,\n  \"closures\": 0.0,\n  \"functions_average\": 0.0,\n  \"closures_average\": 0.0,\n  \"total\": 0.0,\n  \"average\": 0.0,\n  \"functions_min\": 18446744073709552000.0,\n  \"functions_max\": 0.0,\n  \"closures_min\": 18446744073709552000.0,\n  \"closures_max\": 0.0\n}"},"old":{"module_name":"singularity_code_analysis__metrics__nom__tests","metadata":{},"snapshot":"{\n  \"functions\": 2.0,\n  \"closures\": 1.0,\n  \"functions_average\": 0.5,\n  \"closures_average\": 0.25,\n  \"total\": 3.0,\n  \"average\": 0.75,\n  \"functions_min\": 0.0,\n  \"functions_max\": 1.0,\n  \"closures_min\": 0.0,\n  \"closures_max\": 1.0\n}"}}
{"run_id":"1761691890-590891511","line":660,"new":{"module_name":"singularity_code_analysis__metrics__nom__tests","snapshot_name":"javascript_arrow_call_nom","metadata":{"source":"packages/singularity-code-analysis/src/metrics/nom.rs","assertion_line":660,"expression":"metric.nom"},"snapshot":"{\n  \"functions\": 0.0,\n  \"closures\": 0.0,\n  \"functions_average\": 0.0,\n  \"closures_average\": 0.0,\n  \"total\": 0.0,\n  \"average\": 0.0,\n  \"functions_min\": 18446744073709552000.0,\n  \"functions_max\": 0.0,\n  \"closures_min\": 18446744073709552000.0,\n  \"closures_max\": 0.0\n}"},"old":{"module_name":"singularity_code_analysis__metrics__nom__tests","metadata":{},"snapshot":"{\n  \"functions\": 0.0,\n  \"closures\": 1.0,\n  \"functions_average\": 0.0,\n  \"closures_average\": 0.5,\n  \"total\": 1.0,\n  \"average\": 0.5,\n  \"functions_min\": 0.0,\n  \"functions_max\": 0.0,\n  \"closures_min\": 0.0,\n  \"closures_max\": 1.0\n}"}}
{"run_id":"1761691890-590891511","line":430,"new":{"module_name":"singularity_code_analysis__metrics__nom__tests","snapshot_name":"javascript_assignment_nom","metadata":{"source":"packages/singularity-code-analysis/src/metrics/nom.rs","assertion_line":430,"expression":"metric.nom"},"snapshot":"{\n  \"functions\": 0.0,\n  \"closures\": 2.0,\n  \"functions_average\": 0.0,\n  \"closures_average\": 2.0,\n  \"total\": 2.0,\n  \"average\": 2.0,\n  \"functions_min\": 0.0,\n  \"functions_max\": 0.0,\n  \"closures_min\": 1.0,\n  \"closures_max\": 1.0\n}"},"old":{"module_name":"singularity_code_analysis__metrics__nom__tests","metadata":{},"snapshot":"{\n  \"functions\": 1.0,\n  \"closures\": 0.0,\n  \"functions_average\": 0.5,\n  \"closures_average\": 0.0,\n  \"total\": 1.0,\n  \"average\": 0.5,\n  \"functions_min\": 0.0,\n  \"functions_max\": 1.0,\n  \"closures_min\": 0.0,\n  \"closures_max\": 0.0\n}"}}
{"run_id":"1761691890-590891511","line":488,"new":{"module_name":"singularity_code_analysis__metrics__nom__tests","snapshot_name":"javascript_labeled_arrow_nom","metadata":{"source":"packages/singularity-code-analysis/src/metrics/nom.rs","assertion_line":488,"expression":"metric.nom"},"snapshot":"{\n  \"functions\": 0.0,\n  \"closures\": 0.0,\n  \"functions_average\": 0.0,\n  \"closures_average\": 0.0,\n  \"total\": 0.0,\n  \"average\": 0.0,\n  \"functions_min\": 18446744073709552000.0,\n  \"functions_max\": 0.0,\n  \"closures_min\": 18446744073709552000.0,\n  \"closures_max\": 0.0\n}"},"old":{"module_name":"singularity_code_analysis__metrics__nom__tests","metadata":{},"snapshot":"{\n  \"functions\": 1.0,\n  \"closures\": 0.0,\n  \"functions_average\": 0.5,\n  \"closures_average\": 0.0,\n  \"total\": 1.0,\n  \"average\": 0.5,\n  \"functions_min\": 0.0,\n  \"functions_max\": 1.0,\n  \"closures_min\": 0.0,\n  \"closures_max\": 0.0\n}"}}
{"run_id":"1761691890-590891511","line":581,"new":{"module_name":"singularity_code_analysis__metrics__nom__tests","snapshot_name":"javascript_arrow_nom","metadata":{"source":"packages/singularity-code-analysis/src/metrics/nom.rs","assertion_line":581,"expression":"metric.nom"},"snapshot":"{\n  \"functions\": 0.0,\n  \"closures\": 0.0,\n  \"functions_average\": 0.0,\n  \"closures_average\": 0.0,\n  \"total\": 0.0,\n  \"average\": 0.0,\n  \"functions_min\": 18446744073709552000.0,\n  \"functions_max\": 0.0,\n  \"closures_min\": 18446744073709552000.0,\n  \"closures_max\": 0.0\n}"},"old":{"module_name":"singularity_code_analysis__metrics__nom__tests","metadata":{},"snapshot":"{\n  \"functions\": 1.0,\n  \"closures\": 1.0,\n  \"functions_average\": 0.3333333333333333,\n  \"closures_average\": 0.3333333333333333,\n  \"total\": 2.0,\n  \"average\": 0.6666666666666666,\n  \"functions_min\": 0.0,\n  \"functions_max\": 1.0,\n  \"closures_min\": 0.0,\n  \"closures_max\": 1.0\n}"}}
{"run_id":"1761691890-590891511","line":403,"new":{"module_name":"singularity_code_analysis__metrics__nom__tests","snapshot_name":"javascript_call_nom","metadata":{"source":"packages/singularity-code-analysis/src/metrics/nom.rs","assertion_line":403,"expression":"metric.nom"},"snapshot":"{\n  \"functions\": 0.0,\n  \"closures\": 2.0,\n  \"functions_average\": 0.0,\n  \"closures_average\": 2.0,\n  \"total\": 2.0,\n  \"average\": 2.0,\n  \"functions_min\": 0.0,\n  \"functions_max\": 0.0,\n  \"closures_min\": 1.0,\n  \"closures_max\": 1.0\n}"},"old":{"module_name":"singularity_code_analysis__metrics__nom__tests","metadata":{},"snapshot":"{\n  \"functions\": 1.0,\n  \"closures\": 0.0,\n  \"functions_average\": 0.5,\n  \"closures_average\": 0.0,\n  \"total\": 1.0,\n  \"average\": 0.5,\n  \"functions_min\": 0.0,\n  \"functions_max\": 1.0,\n  \"closures_min\": 0.0,\n  \"closures_max\": 0.0\n}"}}
{"run_id":"1761691890-590891511","line":519,"new":{"module_name":"singularity_code_analysis__metrics__nom__tests","snapshot_name":"javascript_pair_nom","metadata":{"source":"packages/singularity-code-analysis/src/metrics/nom.rs","assertion_line":519,"expression":"metric.nom"},"snapshot":"{\n  \"functions\": 0.0,\n  \"closures\": 2.0,\n  \"functions_average\": 0.0,\n  \"closures_average\": 2.0,\n  \"total\": 2.0,\n  \"average\": 2.0,\n  \"functions_min\": 0.0,\n  \"functions_max\": 0.0,\n  \"closures_min\": 1.0,\n  \"closures_max\": 1.0\n}"},"old":{"module_name":"singularity_code_analysis__metrics__nom__tests","metadata":{},"snapshot":"{\n  \"functions\": 1.0,\n  \"closures\": 0.0,\n  \"functions_average\": 0.5,\n  \"closures_average\": 0.0,\n  \"total\": 1.0,\n  \"average\": 0.5,\n  \"functions_min\": 0.0,\n  \"functions_max\": 1.0,\n  \"closures_min\": 0.0,\n  \"closures_max\": 0.0\n}"}}
{"run_id":"1761691890-590891511","line":459,"new":{"module_name":"singularity_code_analysis__metrics__nom__tests","snapshot_name":"javascript_labeled_nom","metadata":{"source":"packages/singularity-code-analysis/src/metrics/nom.rs","assertion_line":459,"expression":"metric.nom"},"snapshot":"{\n  \"functions\": 0.0,\n  \"closures\": 1.0,\n  \"functions_average\": 0.0,\n  \"closures_average\": 1.0,\n  \"total\": 1.0,\n  \"average\": 1.0,\n  \"functions_min\": 0.0,\n  \"functions_max\": 0.0,\n  \"closures_min\": 1.0,\n  \"closures_max\": 1.0\n}"},"old":{"module_name":"singularity_code_analysis__metrics__nom__tests","metadata":{},"snapshot":"{\n  \"functions\": 1.0,\n  \"closures\": 0.0,\n  \"functions_average\": 0.5,\n  \"closures_average\": 0.0,\n  \"total\": 1.0,\n  \"average\": 0.5,\n  \"functions_min\": 0.0,\n  \"functions_max\": 1.0,\n  \"closures_min\": 0.0,\n  \"closures_max\": 0.0\n}"}}
{"run_id":"1761691890-590891511","line":373,"new":{"module_name":"singularity_code_analysis__metrics__nom__tests","snapshot_name":"javascript_nom","metadata":{"source":"packages/singularity-code-analysis/src/metrics/nom.rs","assertion_line":373,"expression":"metric.nom"},"snapshot":"{\n  \"functions\": 0.0,\n  \"closures\": 4.0,\n  \"functions_average\": 0.0,\n  \"closures_average\": 1.0,\n  \"total\": 4.0,\n  \"average\": 1.0,\n  \"functions_min\": 0.0,\n  \"functions_max\": 0.0,\n  \"closures_min\": 1.0,\n  \"closures_max\": 1.0\n}"},"old":{"module_name":"singularity_code_analysis__metrics__nom__tests","metadata":{},"snapshot":"{\n  \"functions\": 3.0,\n  \"closures\": 1.0,\n  \"functions_average\": 0.6,\n  \"closures_average\": 0.2,\n  \"total\": 4.0,\n  \"average\": 0.8,\n  \"functions_min\": 0.0,\n  \"functions_max\": 1.0,\n  \"closures_min\": 0.0,\n  \"closures_max\": 1.0\n}"}}
{"run_id":"1761691890-590891511","line":241,"new":{"module_name":"singularity_code_analysis__metrics__nom__tests","snapshot_name":"python_nom","metadata":{"source":"packages/singularity-code-analysis/src/metrics/nom.rs","assertion_line":241,"expression":"metric.nom"},"snapshot":"{\n  \"functions\": 3.0,\n  \"closures\": 0.0,\n  \"functions_average\": 0.75,\n  \"closures_average\": 0.0,\n  \"total\": 3.0,\n  \"average\": 0.75,\n  \"functions_min\": 0.0,\n  \"functions_max\": 1.0,\n  \"closures_min\": 0.0,\n  \"closures_max\": 0.0\n}"},"old":{"module_name":"singularity_code_analysis__metrics__nom__tests","metadata":{},"snapshot":"{\n  \"functions\": 3.0,\n  \"closures\": 1.0,\n  \"functions_average\": 0.75,\n  \"closures_average\": 0.25,\n  \"total\": 4.0,\n  \"average\": 1.0,\n  \"functions_min\": 0.0,\n  \"functions_max\": 1.0,\n  \"closures_min\": 0.0,\n  \"closures_max\": 1.0\n}"}}
{"run_id":"1761691890-590891511","line":550,"new":{"module_name":"singularity_code_analysis__metrics__nom__tests","snapshot_name":"javascript_unnamed_nom","metadata":{"source":"packages/singularity-code-analysis/src/metrics/nom.rs","assertion_line":550,"expression":"metric.nom"},"snapshot":"{\n  \"functions\": 0.0,\n  \"closures\": 3.0,\n  \"functions_average\": 0.0,\n  \"closures_average\": 1.5,\n  \"total\": 3.0,\n  \"average\": 1.5,\n  \"functions_min\": 0.0,\n  \"functions_max\": 0.0,\n  \"closures_min\": 1.0,\n  \"closures_max\": 1.0\n}"},"old":{"module_name":"singularity_code_analysis__metrics__nom__tests","metadata":{},"snapshot":"{\n  \"functions\": 0.0,\n  \"closures\": 2.0,\n  \"functions_average\": 0.0,\n  \"closures_average\": 0.6666666666666666,\n  \"total\": 2.0,\n  \"average\": 0.6666666666666666,\n  \"functions_min\": 0.0,\n  \"functions_max\": 0.0,\n  \"closures_min\": 0.0,\n  \"closures_max\": 1.0\n}"}}
{"run_id":"1761691890-590891511","line":270,"new":{"module_name":"singularity_code_analysis__metrics__nom__tests","snapshot_name":"rust_nom","metadata":{"source":"packages/singularity-code-analysis/src/metrics/nom.rs","assertion_line":270,"expression":"metric.nom"},"snapshot":"{\n  \"functions\": 0.0,\n  \"closures\": 0.0,\n  \"functions_average\": 0.0,\n  \"closures_average\": 0.0,\n  \"total\": 0.0,\n  \"average\": 0.0,\n  \"functions_min\": 18446744073709552000.0,\n  \"functions_max\": 0.0,\n  \"closures_min\": 18446744073709552000.0,\n  \"closures_max\": 0.0\n}"},"old":{"module_name":"singularity_code_analysis__metrics__nom__tests","metadata":{},"snapshot":"{\n  \"functions\": 2.0,\n  \"closures\": 1.0,\n  \"functions_average\": 0.5,\n  \"closures_average\": 0.25,\n  \"total\": 3.0,\n  \"average\": 0.75,\n  \"functions_min\": 0.0,\n  \"functions_max\": 1.0,\n  \"closures_min\": 0.0,\n  \"closures_max\": 1.0\n}"}}
{"run_id":"1761694902-501238837","line":694,"new":null,"old":null}
{"run_id":"1761694902-501238837","line":738,"new":null,"old":null}
{"run_id":"1761694902-501238837","line":332,"new":{"module_name":"singularity_code_analysis__metrics__nom__tests","snapshot_name":"cpp_nom","metadata":{"source":"packages/singularity-code-analysis/src/metrics/nom.rs","assertion_line":332,"expression":"metric.nom"},"snapshot":"{\n  \"functions\": 0.0,\n  \"closures\": 0.0,\n  \"functions_average\": 0.0,\n  \"closures_average\": 0.0,\n  \"total\": 0.0,\n  \"average\": 0.0,\n  \"functions_min\": 18446744073709552000.0,\n  \"functions_max\": 0.0,\n  \"closures_min\": 18446744073709552000.0,\n  \"closures_max\": 0.0\n}"},"old":{"module_name":"singularity_code_analysis__metrics__nom__tests","metadata":{},"snapshot":"{\n  \"functions\": 2.0,\n  \"closures\": 1.0,\n  \"functions_average\": 0.5,\n  \"closures_average\": 0.25,\n  \"total\": 3.0,\n  \"average\": 0.75,\n  \"functions_min\": 0.0,\n  \"functions_max\": 1.0,\n  \"closures_min\": 0.0,\n  \"closures_max\": 1.0\n}"}}
{"run_id":"1761694902-501238837","line":581,"new":{"module_name":"singularity_code_analysis__metrics__nom__tests","snapshot_name":"javascript_arrow_nom","metadata":{"source":"packages/singularity-code-analysis/src/metrics/nom.rs","assertion_line":581,"expression":"metric.nom"},"snapshot":"{\n  \"functions\": 0.0,\n  \"closures\": 0.0,\n  \"functions_average\": 0.0,\n  \"closures_average\": 0.0,\n  \"total\": 0.0,\n  \"average\": 0.0,\n  \"functions_min\": 18446744073709552000.0,\n  \"functions_max\": 0.0,\n  \"closures_min\": 18446744073709552000.0,\n  \"closures_max\": 0.0\n}"},"old":{"module_name":"singularity_code_analysis__metrics__nom__tests","metadata":{},"snapshot":"{\n  \"functions\": 1.0,\n  \"closures\": 1.0,\n  \"functions_average\": 0.3333333333333333,\n  \"closures_average\": 0.3333333333333333,\n  \"total\": 2.0,\n  \"average\": 0.6666666666666666,\n  \"functions_min\": 0.0,\n  \"functions_max\": 1.0,\n  \"closures_min\": 0.0,\n  \"closures_max\": 1.0\n}"}}
{"run_id":"1761694902-501238837","line":301,"new":{"module_name":"singularity_code_analysis__metrics__nom__tests","snapshot_name":"c_nom","metadata":{"source":"packages/singularity-code-analysis/src/metrics/nom.rs","assertion_line":301,"expression":"metric.nom"},"snapshot":"{\n  \"functions\": 0.0,\n  \"closures\": 0.0,\n  \"functions_average\": 0.0,\n  \"closures_average\": 0.0,\n  \"total\": 0.0,\n  \"average\": 0.0,\n  \"functions_min\": 18446744073709552000.0,\n  \"functions_max\": 0.0,\n  \"closures_min\": 18446744073709552000.0,\n  \"closures_max\": 0.0\n}"},"old":{"module_name":"singularity_code_analysis__metrics__nom__tests","metadata":{},"snapshot":"{\n  \"functions\": 1.0,\n  \"closures\": 0.0,\n  \"functions_average\": 0.5,\n  \"closures_average\": 0.0,\n  \"total\": 1.0,\n  \"average\": 0.5,\n  \"functions_min\": 0.0,\n  \"functions_max\": 1.0,\n  \"closures_min\": 0.0,\n  \"closures_max\": 0.0\n}"}}
{"run_id":"1761694902-501238837","line":605,"new":{"module_name":"singularity_code_analysis__metrics__nom__tests","snapshot_name":"javascript_arrow_assignment_nom","metadata":{"source":"packages/singularity-code-analysis/src/metrics/nom.rs","assertion_line":605,"expression":"metric.nom"},"snapshot":"{\n  \"functions\": 0.0,\n  \"closures\": 0.0,\n  \"functions_average\": 0.0,\n  \"closures_average\": 0.0,\n  \"total\": 0.0,\n  \"average\": 0.0,\n  \"functions_min\": 18446744073709552000.0,\n  \"functions_max\": 0.0,\n  \"closures_min\": 18446744073709552000.0,\n  \"closures_max\": 0.0\n}"},"old":{"module_name":"singularity_code_analysis__metrics__nom__tests","metadata":{},"snapshot":"{\n  \"functions\": 1.0,\n  \"closures\": 0.0,\n  \"functions_average\": 0.5,\n  \"closures_average\": 0.0,\n  \"total\": 1.0,\n  \"average\": 0.5,\n  \"functions_min\": 0.0,\n  \"functions_max\": 1.0,\n  \"closures_min\": 0.0,\n  \"closures_max\": 0.0\n}"}}
{"run_id":"1761694902-501238837","line":660,"new":{"module_name":"singularity_code_analysis__metrics__nom__tests","snapshot_name":"javascript_arrow_call_nom","metadata":{"source":"packages/singularity-code-analysis/src/metrics/nom.rs","assertion_line":660,"expression":"metric.nom"},"snapshot":"{\n  \"functions\": 0.0,\n  \"closures\": 0.0,\n  \"functions_average\": 0.0,\n  \"closures_average\": 0.0,\n  \"total\": 0.0,\n  \"average\": 0.0,\n  \"functions_min\": 18446744073709552000.0,\n  \"functions_max\": 0.0,\n  \"closures_min\": 18446744073709552000.0,\n  \"closures_max\": 0.0\n}"},"old":{"module_name":"singularity_code_analysis__metrics__nom__tests","metadata":{},"snapshot":"{\n  \"functions\": 0.0,\n  \"closures\": 1.0,\n  \"functions_average\": 0.0,\n  \"closures_average\": 0.5,\n  \"total\": 1.0,\n  \"average\": 0.5,\n  \"functions_min\": 0.0,\n  \"functions_max\": 0.0,\n  \"closures_min\": 0.0,\n  \"closures_max\": 1.0\n}"}}
{"run_id":"1761694902-501238837","line":430,"new":{"module_name":"singularity_code_analysis__metrics__nom__tests","snapshot_name":"javascript_assignment_nom","metadata":{"source":"packages/singularity-code-analysis/src/metrics/nom.rs","assertion_line":430,"expression":"metric.nom"},"snapshot":"{\n  \"functions\": 0.0,\n  \"closures\": 2.0,\n  \"functions_average\": 0.0,\n  \"closures_average\": 2.0,\n  \"total\": 2.0,\n  \"average\": 2.0,\n  \"functions_min\": 0.0,\n  \"functions_max\": 0.0,\n  \"closures_min\": 1.0,\n  \"closures_max\": 1.0\n}"},"old":{"module_name":"singularity_code_analysis__metrics__nom__tests","metadata":{},"snapshot":"{\n  \"functions\": 1.0,\n  \"closures\": 0.0,\n  \"functions_average\": 0.5,\n  \"closures_average\": 0.0,\n  \"total\": 1.0,\n  \"average\": 0.5,\n  \"functions_min\": 0.0,\n  \"functions_max\": 1.0,\n  \"closures_min\": 0.0,\n  \"closures_max\": 0.0\n}"}}
{"run_id":"1761694902-501238837","line":631,"new":{"module_name":"singularity_code_analysis__metrics__nom__tests","snapshot_name":"javascript_arrow_new_nom","metadata":{"source":"packages/singularity-code-analysis/src/metrics/nom.rs","assertion_line":631,"expression":"metric.nom"},"snapshot":"{\n  \"functions\": 0.0,\n  \"closures\": 0.0,\n  \"functions_average\": 0.0,\n  \"closures_average\": 0.0,\n  \"total\": 0.0,\n  \"average\": 0.0,\n  \"functions_min\": 18446744073709552000.0,\n  \"functions_max\": 0.0,\n  \"closures_min\": 18446744073709552000.0,\n  \"closures_max\": 0.0\n}"},"old":{"module_name":"singularity_code_analysis__metrics__nom__tests","metadata":{},"snapshot":"{\n  \"functions\": 0.0,\n  \"closures\": 1.0,\n  \"functions_average\": 0.0,\n  \"closures_average\": 0.5,\n  \"total\": 1.0,\n  \"average\": 0.5,\n  \"functions_min\": 0.0,\n  \"functions_max\": 0.0,\n  \"closures_min\": 0.0,\n  \"closures_max\": 1.0\n}"}}
{"run_id":"1761694902-501238837","line":488,"new":{"module_name":"singularity_code_analysis__metrics__nom__tests","snapshot_name":"javascript_labeled_arrow_nom","metadata":{"source":"packages/singularity-code-analysis/src/metrics/nom.rs","assertion_line":488,"expression":"metric.nom"},"snapshot":"{\n  \"functions\": 0.0,\n  \"closures\": 0.0,\n  \"functions_average\": 0.0,\n  \"closures_average\": 0.0,\n  \"total\": 0.0,\n  \"average\": 0.0,\n  \"functions_min\": 18446744073709552000.0,\n  \"functions_max\": 0.0,\n  \"closures_min\": 18446744073709552000.0,\n  \"closures_max\": 0.0\n}"},"old":{"module_name":"singularity_code_analysis__metrics__nom__tests","metadata":{},"snapshot":"{\n  \"functions\": 1.0,\n  \"closures\": 0.0,\n  \"functions_average\": 0.5,\n  \"closures_average\": 0.0,\n  \"total\": 1.0,\n  \"average\": 0.5,\n  \"functions_min\": 0.0,\n  \"functions_max\": 1.0,\n  \"closures_min\": 0.0,\n  \"closures_max\": 0.0\n}"}}
{"run_id":"1761694902-501238837","line":459,"new":{"module_name":"singularity_code_analysis__metrics__nom__tests","snapshot_name":"javascript_labeled_nom","metadata":{"source":"packages/singularity-code-analysis/src/metrics/nom.rs","assertion_line":459,"expression":"metric.nom"},"snapshot":"{\n  \"functions\": 0.0,\n  \"closures\": 1.0,\n  \"functions_average\": 0.0,\n  \"closures_average\": 1.0,\n  \"total\": 1.0,\n  \"average\": 1.0,\n  \"functions_min\": 0.0,\n  \"functions_max\": 0.0,\n  \"closures_min\": 1.0,\n  \"closures_max\": 1.0\n}"},"old":{"module_name":"singularity_code_analysis__metrics__nom__tests","metadata":{},"snapshot":"{\n  \"functions\": 1.0,\n  \"closures\": 0.0,\n  \"functions_average\": 0.5,\n  \"closures_average\": 0.0,\n  \"total\": 1.0,\n  \"average\": 0.5,\n  \"functions_min\": 0.0,\n  \"functions_max\": 1.0,\n  \"closures_min\": 0.0,\n  \"closures_max\": 0.0\n}"}}
{"run_id":"1761694902-501238837","line":403,"new":{"module_name":"singularity_code_analysis__metrics__nom__tests","snapshot_name":"javascript_call_nom","metadata":{"source":"packages/singularity-code-analysis/src/metrics/nom.rs","assertion_line":403,"expression":"metric.nom"},"snapshot":"{\n  \"functions\": 0.0,\n  \"closures\": 2.0,\n  \"functions_average\": 0.0,\n  \"closures_average\": 2.0,\n  \"total\": 2.0,\n  \"average\": 2.0,\n  \"functions_min\": 0.0,\n  \"functions_max\": 0.0,\n  \"closures_min\": 1.0,\n  \"closures_max\": 1.0\n}"},"old":{"module_name":"singularity_code_analysis__metrics__nom__tests","metadata":{},"snapshot":"{\n  \"functions\": 1.0,\n  \"closures\": 0.0,\n  \"functions_average\": 0.5,\n  \"closures_average\": 0.0,\n  \"total\": 1.0,\n  \"average\": 0.5,\n  \"functions_min\": 0.0,\n  \"functions_max\": 1.0,\n  \"closures_min\": 0.0,\n  \"closures_max\": 0.0\n}"}}
{"run_id":"1761694902-501238837","line":241,"new":{"module_name":"singularity_code_analysis__metrics__nom__tests","snapshot_name":"python_nom","metadata":{"source":"packages/singularity-code-analysis/src/metrics/nom.rs","assertion_line":241,"expression":"metric.nom"},"snapshot":"{\n  \"functions\": 3.0,\n  \"closures\": 0.0,\n  \"functions_average\": 0.75,\n  \"closures_average\": 0.0,\n  \"total\": 3.0,\n  \"average\": 0.75,\n  \"functions_min\": 0.0,\n  \"functions_max\": 1.0,\n  \"closures_min\": 0.0,\n  \"closures_max\": 0.0\n}"},"old":{"module_name":"singularity_code_analysis__metrics__nom__tests","metadata":{},"snapshot":"{\n  \"functions\": 3.0,\n  \"closures\": 1.0,\n  \"functions_average\": 0.75,\n  \"closures_average\": 0.25,\n  \"total\": 4.0,\n  \"average\": 1.0,\n  \"functions_min\": 0.0,\n  \"functions_max\": 1.0,\n  \"closures_min\": 0.0,\n  \"closures_max\": 1.0\n}"}}
{"run_id":"1761694902-501238837","line":373,"new":{"module_name":"singularity_code_analysis__metrics__nom__tests","snapshot_name":"javascript_nom","metadata":{"source":"packages/singularity-code-analysis/src/metrics/nom.rs","assertion_line":373,"expression":"metric.nom"},"snapshot":"{\n  \"functions\": 0.0,\n  \"closures\": 4.0,\n  \"functions_average\": 0.0,\n  \"closures_average\": 1.0,\n  \"total\": 4.0,\n  \"average\": 1.0,\n  \"functions_min\": 0.0,\n  \"functions_max\": 0.0,\n  \"closures_min\": 1.0,\n  \"closures_max\": 1.0\n}"},"old":{"module_name":"singularity_code_analysis__metrics__nom__tests","metadata":{},"snapshot":"{\n  \"functions\": 3.0,\n  \"closures\": 1.0,\n  \"functions_average\": 0.6,\n  \"closures_average\": 0.2,\n  \"total\": 4.0,\n  \"average\": 0.8,\n  \"functions_min\": 0.0,\n  \"functions_max\": 1.0,\n  \"closures_min\": 0.0,\n  \"closures_max\": 1.0\n}"}}
{"run_id":"1761694902-501238837","line":550,"new":{"module_name":"singularity_code_analysis__metrics__nom__tests","snapshot_name":"javascript_unnamed_nom","metadata":{"source":"packages/singularity-code-analysis/src/metrics/nom.rs","assertion_line":550,"expression":"metric.nom"},"snapshot":"{\n  \"functions\": 0.0,\n  \"closures\": 3.0,\n  \"functions_average\": 0.0,\n  \"closures_average\": 1.5,\n  \"total\": 3.0,\n  \"average\": 1.5,\n  \"functions_min\": 0.0,\n  \"functions_max\": 0.0,\n  \"closures_min\": 1.0,\n  \"closures_max\": 1.0\n}"},"old":{"module_name":"singularity_code_analysis__metrics__nom__tests","metadata":{},"snapshot":"{\n  \"functions\": 0.0,\n  \"closures\": 2.0,\n  \"functions_average\": 0.0,\n  \"closures_average\": 0.6666666666666666,\n  \"total\": 2.0,\n  \"average\": 0.6666666666666666,\n  \"functions_min\": 0.0,\n  \"functions_max\": 0.0,\n  \"closures_min\": 0.0,\n  \"closures_max\": 1.0\n}"}}
{"run_id":"1761694902-501238837","line":519,"new":{"module_name":"singularity_code_analysis__metrics__nom__tests","snapshot_name":"javascript_pair_nom","metadata":{"source":"packages/singularity-code-analysis/src/metrics/nom.rs","assertion_line":519,"expression":"metric.nom"},"snapshot":"{\n  \"functions\": 0.0,\n  \"closures\": 2.0,\n  \"functions_average\": 0.0,\n  \"closures_average\": 2.0,\n  \"total\": 2.0,\n  \"average\": 2.0,\n  \"functions_min\": 0.0,\n  \"functions_max\": 0.0,\n  \"closures_min\": 1.0,\n  \"closures_max\": 1.0\n}"},"old":{"module_name":"singularity_code_analysis__metrics__nom__tests","metadata":{},"snapshot":"{\n  \"functions\": 1.0,\n  \"closures\": 0.0,\n  \"functions_average\": 0.5,\n  \"closures_average\": 0.0,\n  \"total\": 1.0,\n  \"average\": 0.5,\n  \"functions_min\": 0.0,\n  \"functions_max\": 1.0,\n  \"closures_min\": 0.0,\n  \"closures_max\": 0.0\n}"}}
{"run_id":"1761694902-501238837","line":270,"new":{"module_name":"singularity_code_analysis__metrics__nom__tests","snapshot_name":"rust_nom","metadata":{"source":"packages/singularity-code-analysis/src/metrics/nom.rs","assertion_line":270,"expression":"metric.nom"},"snapshot":"{\n  \"functions\": 3.0,\n  \"closures\": 0.0,\n  \"functions_average\": 1.5,\n  \"closures_average\": 0.0,\n  \"total\": 3.0,\n  \"average\": 1.5,\n  \"functions_min\": 1.0,\n  \"functions_max\": 1.0,\n  \"closures_min\": 0.0,\n  \"closures_max\": 0.0\n}"},"old":{"module_name":"singularity_code_analysis__metrics__nom__tests","metadata":{},"snapshot":"{\n  \"functions\": 2.0,\n  \"closures\": 1.0,\n  \"functions_average\": 0.5,\n  \"closures_average\": 0.25,\n  \"total\": 3.0,\n  \"average\": 0.75,\n  \"functions_min\": 0.0,\n  \"functions_max\": 1.0,\n  \"closures_min\": 0.0,\n  \"closures_max\": 1.0\n}"}}
{"run_id":"1761694917-904262134","line":738,"new":null,"old":null}
{"run_id":"1761694917-904262134","line":694,"new":null,"old":null}
{"run_id":"1761694917-904262134","line":605,"new":{"module_name":"singularity_code_analysis__metrics__nom__tests","snapshot_name":"javascript_arrow_assignment_nom","metadata":{"source":"packages/singularity-code-analysis/src/metrics/nom.rs","assertion_line":605,"expression":"metric.nom"},"snapshot":"{\n  \"functions\": 0.0,\n  \"closures\": 0.0,\n  \"functions_average\": 0.0,\n  \"closures_average\": 0.0,\n  \"total\": 0.0,\n  \"average\": 0.0,\n  \"functions_min\": 18446744073709552000.0,\n  \"functions_max\": 0.0,\n  \"closures_min\": 18446744073709552000.0,\n  \"closures_max\": 0.0\n}"},"old":{"module_name":"singularity_code_analysis__metrics__nom__tests","metadata":{},"snapshot":"{\n  \"functions\": 1.0,\n  \"closures\": 0.0,\n  \"functions_average\": 0.5,\n  \"closures_average\": 0.0,\n  \"total\": 1.0,\n  \"average\": 0.5,\n  \"functions_min\": 0.0,\n  \"functions_max\": 1.0,\n  \"closures_min\": 0.0,\n  \"closures_max\": 0.0\n}"}}
{"run_id":"1761694917-904262134","line":301,"new":{"module_name":"singularity_code_analysis__metrics__nom__tests","snapshot_name":"c_nom","metadata":{"source":"packages/singularity-code-analysis/src/metrics/nom.rs","assertion_line":301,"expression":"metric.nom"},"snapshot":"{\n  \"functions\": 0.0,\n  \"closures\": 0.0,\n  \"functions_average\": 0.0,\n  \"closures_average\": 0.0,\n  \"total\": 0.0,\n  \"average\": 0.0,\n  \"functions_min\": 18446744073709552000.0,\n  \"functions_max\": 0.0,\n  \"closures_min\": 18446744073709552000.0,\n  \"closures_max\": 0.0\n}"},"old":{"module_name":"singularity_code_analysis__metrics__nom__tests","metadata":{},"snapshot":"{\n  \"functions\": 1.0,\n  \"closures\": 0.0,\n  \"functions_average\": 0.5,\n  \"closures_average\": 0.0,\n  \"total\": 1.0,\n  \"average\": 0.5,\n  \"functions_min\": 0.0,\n  \"functions_max\": 1.0,\n  \"closures_min\": 0.0,\n  \"closures_max\": 0.0\n}"}}
{"run_id":"1761694917-904262134","line":332,"new":{"module_name":"singularity_code_analysis__metrics__nom__tests","snapshot_name":"cpp_nom","metadata":{"source":"packages/singularity-code-analysis/src/metrics/nom.rs","assertion_line":332,"expression":"metric.nom"},"snapshot":"{\n  \"functions\": 0.0,\n  \"closures\": 0.0,\n  \"functions_average\": 0.0,\n  \"closures_average\": 0.0,\n  \"total\": 0.0,\n  \"average\": 0.0,\n  \"functions_min\": 18446744073709552000.0,\n  \"functions_max\": 0.0,\n  \"closures_min\": 18446744073709552000.0,\n  \"closures_max\": 0.0\n}"},"old":{"module_name":"singularity_code_analysis__metrics__nom__tests","metadata":{},"snapshot":"{\n  \"functions\": 2.0,\n  \"closures\": 1.0,\n  \"functions_average\": 0.5,\n  \"closures_average\": 0.25,\n  \"total\": 3.0,\n  \"average\": 0.75,\n  \"functions_min\": 0.0,\n  \"functions_max\": 1.0,\n  \"closures_min\": 0.0,\n  \"closures_max\": 1.0\n}"}}
{"run_id":"1761694917-904262134","line":660,"new":{"module_name":"singularity_code_analysis__metrics__nom__tests","snapshot_name":"javascript_arrow_call_nom","metadata":{"source":"packages/singularity-code-analysis/src/metrics/nom.rs","assertion_line":660,"expression":"metric.nom"},"snapshot":"{\n  \"functions\": 0.0,\n  \"closures\": 0.0,\n  \"functions_average\": 0.0,\n  \"closures_average\": 0.0,\n  \"total\": 0.0,\n  \"average\": 0.0,\n  \"functions_min\": 18446744073709552000.0,\n  \"functions_max\": 0.0,\n  \"closures_min\": 18446744073709552000.0,\n  \"closures_max\": 0.0\n}"},"old":{"module_name":"singularity_code_analysis__metrics__nom__tests","metadata":{},"snapshot":"{\n  \"functions\": 0.0,\n  \"closures\": 1.0,\n  \"functions_average\": 0.0,\n  \"closures_average\": 0.5,\n  \"total\": 1.0,\n  \"average\": 0.5,\n  \"functions_min\": 0.0,\n  \"functions_max\": 0.0,\n  \"closures_min\": 0.0,\n  \"closures_max\": 1.0\n}"}}
{"run_id":"1761694917-904262134","line":631,"new":{"module_name":"singularity_code_analysis__metrics__nom__tests","snapshot_name":"javascript_arrow_new_nom","metadata":{"source":"packages/singularity-code-analysis/src/metrics/nom.rs","assertion_line":631,"expression":"metric.nom"},"snapshot":"{\n  \"functions\": 0.0,\n  \"closures\": 0.0,\n  \"functions_average\": 0.0,\n  \"closures_average\": 0.0,\n  \"total\": 0.0,\n  \"average\": 0.0,\n  \"functions_min\": 18446744073709552000.0,\n  \"functions_max\": 0.0,\n  \"closures_min\": 18446744073709552000.0,\n  \"closures_max\": 0.0\n}"},"old":{"module_name":"singularity_code_analysis__metrics__nom__tests","metadata":{},"snapshot":"{\n  \"functions\": 0.0,\n  \"closures\": 1.0,\n  \"functions_average\": 0.0,\n  \"closures_average\": 0.5,\n  \"total\": 1.0,\n  \"average\": 0.5,\n  \"functions_min\": 0.0,\n  \"functions_max\": 0.0,\n  \"closures_min\": 0.0,\n  \"closures_max\": 1.0\n}"}}
{"run_id":"1761694917-904262134","line":581,"new":{"module_name":"singularity_code_analysis__metrics__nom__tests","snapshot_name":"javascript_arrow_nom","metadata":{"source":"packages/singularity-code-analysis/src/metrics/nom.rs","assertion_line":581,"expression":"metric.nom"},"snapshot":"{\n  \"functions\": 0.0,\n  \"closures\": 0.0,\n  \"functions_average\": 0.0,\n  \"closures_average\": 0.0,\n  \"total\": 0.0,\n  \"average\": 0.0,\n  \"functions_min\": 18446744073709552000.0,\n  \"functions_max\": 0.0,\n  \"closures_min\": 18446744073709552000.0,\n  \"closures_max\": 0.0\n}"},"old":{"module_name":"singularity_code_analysis__metrics__nom__tests","metadata":{},"snapshot":"{\n  \"functions\": 1.0,\n  \"closures\": 1.0,\n  \"functions_average\": 0.3333333333333333,\n  \"closures_average\": 0.3333333333333333,\n  \"total\": 2.0,\n  \"average\": 0.6666666666666666,\n  \"functions_min\": 0.0,\n  \"functions_max\": 1.0,\n  \"closures_min\": 0.0,\n  \"closures_max\": 1.0\n}"}}
{"run_id":"1761694917-904262134","line":430,"new":{"module_name":"singularity_code_analysis__metrics__nom__tests","snapshot_name":"javascript_assignment_nom","metadata":{"source":"packages/singularity-code-analysis/src/metrics/nom.rs","assertion_line":430,"expression":"metric.nom"},"snapshot":"{\n  \"functions\": 0.0,\n  \"closures\": 2.0,\n  \"functions_average\": 0.0,\n  \"closures_average\": 2.0,\n  \"total\": 2.0,\n  \"average\": 2.0,\n  \"functions_min\": 0.0,\n  \"functions_max\": 0.0,\n  \"closures_min\": 1.0,\n  \"closures_max\": 1.0\n}"},"old":{"module_name":"singularity_code_analysis__metrics__nom__tests","metadata":{},"snapshot":"{\n  \"functions\": 1.0,\n  \"closures\": 0.0,\n  \"functions_average\": 0.5,\n  \"closures_average\": 0.0,\n  \"total\": 1.0,\n  \"average\": 0.5,\n  \"functions_min\": 0.0,\n  \"functions_max\": 1.0,\n  \"closures_min\": 0.0,\n  \"closures_max\": 0.0\n}"}}
{"run_id":"1761694917-904262134","line":403,"new":{"module_name":"singularity_code_analysis__metrics__nom__tests","snapshot_name":"javascript_call_nom","metadata":{"source":"packages/singularity-code-analysis/src/metrics/nom.rs","assertion_line":403,"expression":"metric.nom"},"snapshot":"{\n  \"functions\": 0.0,\n  \"closures\": 2.0,\n  \"functions_average\": 0.0,\n  \"closures_average\": 2.0,\n  \"total\": 2.0,\n  \"average\": 2.0,\n  \"functions_min\": 0.0,\n  \"functions_max\": 0.0,\n  \"closures_min\": 1.0,\n  \"closures_max\": 1.0\n}"},"old":{"module_name":"singularity_code_analysis__metrics__nom__tests","metadata":{},"snapshot":"{\n  \"functions\": 1.0,\n  \"closures\": 0.0,\n  \"functions_average\": 0.5,\n  \"closures_average\": 0.0,\n  \"total\": 1.0,\n  \"average\": 0.5,\n  \"functions_min\": 0.0,\n  \"functions_max\": 1.0,\n  \"closures_min\": 0.0,\n  \"closures_max\": 0.0\n}"}}
{"run_id":"1761694917-904262134","line":488,"new":{"module_name":"singularity_code_analysis__metrics__nom__tests","snapshot_name":"javascript_labeled_arrow_nom","metadata":{"source":"packages/singularity-code-analysis/src/metrics/nom.rs","assertion_line":488,"expression":"metric.nom"},"snapshot":"{\n  \"functions\": 0.0,\n  \"closures\": 0.0,\n  \"functions_average\": 0.0,\n  \"closures_average\": 0.0,\n  \"total\": 0.0,\n  \"average\": 0.0,\n  \"functions_min\": 18446744073709552000.0,\n  \"functions_max\": 0.0,\n  \"closures_min\": 18446744073709552000.0,\n  \"closures_max\": 0.0\n}"},"old":{"module_name":"singularity_code_analysis__metrics__nom__tests","metadata":{},"snapshot":"{\n  \"functions\": 1.0,\n  \"closures\": 0.0,\n  \"functions_average\": 0.5,\n  \"closures_average\": 0.0,\n  \"total\": 1.0,\n  \"average\": 0.5,\n  \"functions_min\": 0.0,\n  \"functions_max\": 1.0,\n  \"closures_min\": 0.0,\n  \"closures_max\": 0.0\n}"}}
{"run_id":"1761694917-904262134","line":459,"new":{"module_name":"singularity_code_analysis__metrics__nom__tests","snapshot_name":"javascript_labeled_nom","metadata":{"source":"packages/singularity-code-analysis/src/metrics/nom.rs","assertion_line":459,"expression":"metric.nom"},"snapshot":"{\n  \"functions\": 0.0,\n  \"closures\": 1.0,\n  \"functions_average\": 0.0,\n  \"closures_average\": 1.0,\n  \"total\": 1.0,\n  \"average\": 1.0,\n  \"functions_min\": 0.0,\n  \"functions_max\": 0.0,\n  \"closures_min\": 1.0,\n  \"closures_max\": 1.0\n}"},"old":{"module_name":"singularity_code_analysis__metrics__nom__tests","metadata":{},"snapshot":"{\n  \"functions\": 1.0,\n  \"closures\": 0.0,\n  \"functions_average\": 0.5,\n  \"closures_average\": 0.0,\n  \"total\": 1.0,\n  \"average\": 0.5,\n  \"functions_min\": 0.0,\n  \"functions_max\": 1.0,\n  \"closures_min\": 0.0,\n  \"closures_max\": 0.0\n}"}}
{"run_id":"1761694917-904262134","line":373,"new":{"module_name":"singularity_code_analysis__metrics__nom__tests","snapshot_name":"javascript_nom","metadata":{"source":"packages/singularity-code-analysis/src/metrics/nom.rs","assertion_line":373,"expression":"metric.nom"},"snapshot":"{\n  \"functions\": 0.0,\n  \"closures\": 4.0,\n  \"functions_average\": 0.0,\n  \"closures_average\": 1.0,\n  \"total\": 4.0,\n  \"average\": 1.0,\n  \"functions_min\": 0.0,\n  \"functions_max\": 0.0,\n  \"closures_min\": 1.0,\n  \"closures_max\": 1.0\n}"},"old":{"module_name":"singularity_code_analysis__metrics__nom__tests","metadata":{},"snapshot":"{\n  \"functions\": 3.0,\n  \"closures\": 1.0,\n  \"functions_average\": 0.6,\n  \"closures_average\": 0.2,\n  \"total\": 4.0,\n  \"average\": 0.8,\n  \"functions_min\": 0.0,\n  \"functions_max\": 1.0,\n  \"closures_min\": 0.0,\n  \"closures_max\": 1.0\n}"}}
{"run_id":"1761694917-904262134","line":519,"new":{"module_name":"singularity_code_analysis__metrics__nom__tests","snapshot_name":"javascript_pair_nom","metadata":{"source":"packages/singularity-code-analysis/src/metrics/nom.rs","assertion_line":519,"expression":"metric.nom"},"snapshot":"{\n  \"functions\": 0.0,\n  \"closures\": 2.0,\n  \"functions_average\": 0.0,\n  \"closures_average\": 2.0,\n  \"total\": 2.0,\n  \"average\": 2.0,\n  \"functions_min\": 0.0,\n  \"functions_max\": 0.0,\n  \"closures_min\": 1.0,\n  \"closures_max\": 1.0\n}"},"old":{"module_name":"singularity_code_analysis__metrics__nom__tests","metadata":{},"snapshot":"{\n  \"functions\": 1.0,\n  \"closures\": 0.0,\n  \"functions_average\": 0.5,\n  \"closures_average\": 0.0,\n  \"total\": 1.0,\n  \"average\": 0.5,\n  \"functions_min\": 0.0,\n  \"functions_max\": 1.0,\n  \"closures_min\": 0.0,\n  \"closures_max\": 0.0\n}"}}
{"run_id":"1761694917-904262134","line":550,"new":{"module_name":"singularity_code_analysis__metrics__nom__tests","snapshot_name":"javascript_unnamed_nom","metadata":{"source":"packages/singularity-code-analysis/src/metrics/nom.rs","assertion_line":550,"expression":"metric.nom"},"snapshot":"{\n  \"functions\": 0.0,\n  \"closures\": 3.0,\n  \"functions_average\": 0.0,\n  \"closures_average\": 1.5,\n  \"total\": 3.0,\n  \"average\": 1.5,\n  \"functions_min\": 0.0,\n  \"functions_max\": 0.0,\n  \"closures_min\": 1.0,\n  \"closures_max\": 1.0\n}"},"old":{"module_name":"singularity_code_analysis__metrics__nom__tests","metadata":{},"snapshot":"{\n  \"functions\": 0.0,\n  \"closures\": 2.0,\n  \"functions_average\": 0.0,\n  \"closures_average\": 0.6666666666666666,\n  \"total\": 2.0,\n  \"average\": 0.6666666666666666,\n  \"functions_min\": 0.0,\n  \"functions_max\": 0.0,\n  \"closures_min\": 0.0,\n  \"closures_max\": 1.0\n}"}}
{"run_id":"1761694917-904262134","line":241,"new":{"module_name":"singularity_code_analysis__metrics__nom__tests","snapshot_name":"python_nom","metadata":{"source":"packages/singularity-code-analysis/src/metrics/nom.rs","assertion_line":241,"expression":"metric.nom"},"snapshot":"{\n  \"functions\": 3.0,\n  \"closures\": 0.0,\n  \"functions_average\": 0.75,\n  \"closures_average\": 0.0,\n  \"total\": 3.0,\n  \"average\": 0.75,\n  \"functions_min\": 0.0,\n  \"functions_max\": 1.0,\n  \"closures_min\": 0.0,\n  \"closures_max\": 0.0\n}"},"old":{"module_name":"singularity_code_analysis__metrics__nom__tests","metadata":{},"snapshot":"{\n  \"functions\": 3.0,\n  \"closures\": 1.0,\n  \"functions_average\": 0.75,\n  \"closures_average\": 0.25,\n  \"total\": 4.0,\n  \"average\": 1.0,\n  \"functions_min\": 0.0,\n  \"functions_max\": 1.0,\n  \"closures_min\": 0.0,\n  \"closures_max\": 1.0\n}"}}
{"run_id":"1761694917-904262134","line":270,"new":{"module_name":"singularity_code_analysis__metrics__nom__tests","snapshot_name":"rust_nom","metadata":{"source":"packages/singularity-code-analysis/src/metrics/nom.rs","assertion_line":270,"expression":"metric.nom"},"snapshot":"{\n  \"functions\": 3.0,\n  \"closures\": 0.0,\n  \"functions_average\": 1.5,\n  \"closures_average\": 0.0,\n  \"total\": 3.0,\n  \"average\": 1.5,\n  \"functions_min\": 1.0,\n  \"functions_max\": 1.0,\n  \"closures_min\": 0.0,\n  \"closures_max\": 0.0\n}"},"old":{"module_name":"singularity_code_analysis__metrics__nom__tests","metadata":{},"snapshot":"{\n  \"functions\": 2.0,\n  \"closures\": 1.0,\n  \"functions_average\": 0.5,\n  \"closures_average\": 0.25,\n  \"total\": 3.0,\n  \"average\": 0.75,\n  \"functions_min\": 0.0,\n  \"functions_max\": 1.0,\n  \"closures_min\": 0.0,\n  \"closures_max\": 1.0\n}"}}
{"run_id":"1761694923-945243395","line":738,"new":null,"old":null}
{"run_id":"1761694923-945243395","line":694,"new":null,"old":null}
{"run_id":"1761694923-945243395","line":332,"new":{"module_name":"singularity_code_analysis__metrics__nom__tests","snapshot_name":"cpp_nom","metadata":{"source":"packages/singularity-code-analysis/src/metrics/nom.rs","assertion_line":332,"expression":"metric.nom"},"snapshot":"{\n  \"functions\": 0.0,\n  \"closures\": 0.0,\n  \"functions_average\": 0.0,\n  \"closures_average\": 0.0,\n  \"total\": 0.0,\n  \"average\": 0.0,\n  \"functions_min\": 18446744073709552000.0,\n  \"functions_max\": 0.0,\n  \"closures_min\": 18446744073709552000.0,\n  \"closures_max\": 0.0\n}"},"old":{"module_name":"singularity_code_analysis__metrics__nom__tests","metadata":{},"snapshot":"{\n  \"functions\": 2.0,\n  \"closures\": 1.0,\n  \"functions_average\": 0.5,\n  \"closures_average\": 0.25,\n  \"total\": 3.0,\n  \"average\": 0.75,\n  \"functions_min\": 0.0,\n  \"functions_max\": 1.0,\n  \"closures_min\": 0.0,\n  \"closures_max\": 1.0\n}"}}
{"run_id":"1761694923-945243395","line":301,"new":{"module_name":"singularity_code_analysis__metrics__nom__tests","snapshot_name":"c_nom","metadata":{"source":"packages/singularity-code-analysis/src/metrics/nom.rs","assertion_line":301,"expression":"metric.nom"},"snapshot":"{\n  \"functions\": 0.0,\n  \"closures\": 0.0,\n  \"functions_average\": 0.0,\n  \"closures_average\": 0.0,\n  \"total\": 0.0,\n  \"average\": 0.0,\n  \"functions_min\": 18446744073709552000.0,\n  \"functions_max\": 0.0,\n  \"closures_min\": 18446744073709552000.0,\n  \"closures_max\": 0.0\n}"},"old":{"module_name":"singularity_code_analysis__metrics__nom__tests","metadata":{},"snapshot":"{\n  \"functions\": 1.0,\n  \"closures\": 0.0,\n  \"functions_average\": 0.5,\n  \"closures_average\": 0.0,\n  \"total\": 1.0,\n  \"average\": 0.5,\n  \"functions_min\": 0.0,\n  \"functions_max\": 1.0,\n  \"closures_min\": 0.0,\n  \"closures_max\": 0.0\n}"}}
{"run_id":"1761694923-945243395","line":581,"new":{"module_name":"singularity_code_analysis__metrics__nom__tests","snapshot_name":"javascript_arrow_nom","metadata":{"source":"packages/singularity-code-analysis/src/metrics/nom.rs","assertion_line":581,"expression":"metric.nom"},"snapshot":"{\n  \"functions\": 0.0,\n  \"closures\": 0.0,\n  \"functions_average\": 0.0,\n  \"closures_average\": 0.0,\n  \"total\": 0.0,\n  \"average\": 0.0,\n  \"functions_min\": 18446744073709552000.0,\n  \"functions_max\": 0.0,\n  \"closures_min\": 18446744073709552000.0,\n  \"closures_max\": 0.0\n}"},"old":{"module_name":"singularity_code_analysis__metrics__nom__tests","metadata":{},"snapshot":"{\n  \"functions\": 1.0,\n  \"closures\": 1.0,\n  \"functions_average\": 0.3333333333333333,\n  \"closures_average\": 0.3333333333333333,\n  \"total\": 2.0,\n  \"average\": 0.6666666666666666,\n  \"functions_min\": 0.0,\n  \"functions_max\": 1.0,\n  \"closures_min\": 0.0,\n  \"closures_max\": 1.0\n}"}}
{"run_id":"1761694923-945243395","line":605,"new":{"module_name":"singularity_code_analysis__metrics__nom__tests","snapshot_name":"javascript_arrow_assignment_nom","metadata":{"source":"packages/singularity-code-analysis/src/metrics/nom.rs","assertion_line":605,"expression":"metric.nom"},"snapshot":"{\n  \"functions\": 0.0,\n  \"closures\": 0.0,\n  \"functions_average\": 0.0,\n  \"closures_average\": 0.0,\n  \"total\": 0.0,\n  \"average\": 0.0,\n  \"functions_min\": 18446744073709552000.0,\n  \"functions_max\": 0.0,\n  \"closures_min\": 18446744073709552000.0,\n  \"closures_max\": 0.0\n}"},"old":{"module_name":"singularity_code_analysis__metrics__nom__tests","metadata":{},"snapshot":"{\n  \"functions\": 1.0,\n  \"closures\": 0.0,\n  \"functions_average\": 0.5,\n  \"closures_average\": 0.0,\n  \"total\": 1.0,\n  \"average\": 0.5,\n  \"functions_min\": 0.0,\n  \"functions_max\": 1.0,\n  \"closures_min\": 0.0,\n  \"closures_max\": 0.0\n}"}}
{"run_id":"1761694923-945243395","line":631,"new":{"module_name":"singularity_code_analysis__metrics__nom__tests","snapshot_name":"javascript_arrow_new_nom","metadata":{"source":"packages/singularity-code-analysis/src/metrics/nom.rs","assertion_line":631,"expression":"metric.nom"},"snapshot":"{\n  \"functions\": 0.0,\n  \"closures\": 0.0,\n  \"functions_average\": 0.0,\n  \"closures_average\": 0.0,\n  \"total\": 0.0,\n  \"average\": 0.0,\n  \"functions_min\": 18446744073709552000.0,\n  \"functions_max\": 0.0,\n  \"closures_min\": 18446744073709552000.0,\n  \"closures_max\": 0.0\n}"},"old":{"module_name":"singularity_code_analysis__metrics__nom__tests","metadata":{},"snapshot":"{\n  \"functions\": 0.0,\n  \"closures\": 1.0,\n  \"functions_average\": 0.0,\n  \"closures_average\": 0.5,\n  \"total\": 1.0,\n  \"average\": 0.5,\n  \"functions_min\": 0.0,\n  \"functions_max\": 0.0,\n  \"closures_min\": 0.0,\n  \"closures_max\": 1.0\n}"}}
{"run_id":"1761694923-945243395","line":660,"new":{"module_name":"singularity_code_analysis__metrics__nom__tests","snapshot_name":"javascript_arrow_call_nom","metadata":{"source":"packages/singularity-code-analysis/src/metrics/nom.rs","assertion_line":660,"expression":"metric.nom"},"snapshot":"{\n  \"functions\": 0.0,\n  \"closures\": 0.0,\n  \"functions_average\": 0.0,\n  \"closures_average\": 0.0,\n  \"total\": 0.0,\n  \"average\": 0.0,\n  \"functions_min\": 18446744073709552000.0,\n  \"functions_max\": 0.0,\n  \"closures_min\": 18446744073709552000.0,\n  \"closures_max\": 0.0\n}"},"old":{"module_name":"singularity_code_analysis__metrics__nom__tests","metadata":{},"snapshot":"{\n  \"functions\": 0.0,\n  \"closures\": 1.0,\n  \"functions_average\": 0.0,\n  \"closures_average\": 0.5,\n  \"total\": 1.0,\n  \"average\": 0.5,\n  \"functions_min\": 0.0,\n  \"functions_max\": 0.0,\n  \"closures_min\": 0.0,\n  \"closures_max\": 1.0\n}"}}
{"run_id":"1761694923-945243395","line":430,"new":{"module_name":"singularity_code_analysis__metrics__nom__tests","snapshot_name":"javascript_assignment_nom","metadata":{"source":"packages/singularity-code-analysis/src/metrics/nom.rs","assertion_line":430,"expression":"metric.nom"},"snapshot":"{\n  \"functions\": 0.0,\n  \"closures\": 2.0,\n  \"functions_average\": 0.0,\n  \"closures_average\": 2.0,\n  \"total\": 2.0,\n  \"average\": 2.0,\n  \"functions_min\": 0.0,\n  \"functions_max\": 0.0,\n  \"closures_min\": 1.0,\n  \"closures_max\": 1.0\n}"},"old":{"module_name":"singularity_code_analysis__metrics__nom__tests","metadata":{},"snapshot":"{\n  \"functions\": 1.0,\n  \"closures\": 0.0,\n  \"functions_average\": 0.5,\n  \"closures_average\": 0.0,\n  \"total\": 1.0,\n  \"average\": 0.5,\n  \"functions_min\": 0.0,\n  \"functions_max\": 1.0,\n  \"closures_min\": 0.0,\n  \"closures_max\": 0.0\n}"}}
{"run_id":"1761694923-945243395","line":403,"new":{"module_name":"singularity_code_analysis__metrics__nom__tests","snapshot_name":"javascript_call_nom","metadata":{"source":"packages/singularity-code-analysis/src/metrics/nom.rs","assertion_line":403,"expression":"metric.nom"},"snapshot":"{\n  \"functions\": 0.0,\n  \"closures\": 2.0,\n  \"functions_average\": 0.0,\n  \"closures_average\": 2.0,\n  \"total\": 2.0,\n  \"average\": 2.0,\n  \"functions_min\": 0.0,\n  \"functions_max\": 0.0,\n  \"closures_min\": 1.0,\n  \"closures_max\": 1.0\n}"},"old":{"module_name":"singularity_code_analysis__metrics__nom__tests","metadata":{},"snapshot":"{\n  \"functions\": 1.0,\n  \"closures\": 0.0,\n  \"functions_average\": 0.5,\n  \"closures_average\": 0.0,\n  \"total\": 1.0,\n  \"average\": 0.5,\n  \"functions_min\": 0.0,\n  \"functions_max\": 1.0,\n  \"closures_min\": 0.0,\n  \"closures_max\": 0.0\n}"}}
{"run_id":"1761694923-945243395","line":373,"new":{"module_name":"singularity_code_analysis__metrics__nom__tests","snapshot_name":"javascript_nom","metadata":{"source":"packages/singularity-code-analysis/src/metrics/nom.rs","assertion_line":373,"expression":"metric.nom"},"snapshot":"{\n  \"functions\": 0.0,\n  \"closures\": 4.0,\n  \"functions_average\": 0.0,\n  \"closures_average\": 1.0,\n  \"total\": 4.0,\n  \"average\": 1.0,\n  \"functions_min\": 0.0,\n  \"functions_max\": 0.0,\n  \"closures_min\": 1.0,\n  \"closures_max\": 1.0\n}"},"old":{"module_name":"singularity_code_analysis__metrics__nom__tests","metadata":{},"snapshot":"{\n  \"functions\": 3.0,\n  \"closures\": 1.0,\n  \"functions_average\": 0.6,\n  \"closures_average\": 0.2,\n  \"total\": 4.0,\n  \"average\": 0.8,\n  \"functions_min\": 0.0,\n  \"functions_max\": 1.0,\n  \"closures_min\": 0.0,\n  \"closures_max\": 1.0\n}"}}
{"run_id":"1761694923-945243395","line":488,"new":{"module_name":"singularity_code_analysis__metrics__nom__tests","snapshot_name":"javascript_labeled_arrow_nom","metadata":{"source":"packages/singularity-code-analysis/src/metrics/nom.rs","assertion_line":488,"expression":"metric.nom"},"snapshot":"{\n  \"functions\": 0.0,\n  \"closures\": 0.0,\n  \"functions_average\": 0.0,\n  \"closures_average\": 0.0,\n  \"total\": 0.0,\n  \"average\": 0.0,\n  \"functions_min\": 18446744073709552000.0,\n  \"functions_max\": 0.0,\n  \"closures_min\": 18446744073709552000.0,\n  \"closures_max\": 0.0\n}"},"old":{"module_name":"singularity_code_analysis__metrics__nom__tests","metadata":{},"snapshot":"{\n  \"functions\": 1.0,\n  \"closures\": 0.0,\n  \"functions_average\": 0.5,\n  \"closures_average\": 0.0,\n  \"total\": 1.0,\n  \"average\": 0.5,\n  \"functions_min\": 0.0,\n  \"functions_max\": 1.0,\n  \"closures_min\": 0.0,\n  \"closures_max\": 0.0\n}"}}
{"run_id":"1761694923-945243395","line":459,"new":{"module_name":"singularity_code_analysis__metrics__nom__tests","snapshot_name":"javascript_labeled_nom","metadata":{"source":"packages/singularity-code-analysis/src/metrics/nom.rs","assertion_line":459,"expression":"metric.nom"},"snapshot":"{\n  \"functions\": 0.0,\n  \"closures\": 1.0,\n  \"functions_average\": 0.0,\n  \"closures_average\": 1.0,\n  \"total\": 1.0,\n  \"average\": 1.0,\n  \"functions_min\": 0.0,\n  \"functions_max\": 0.0,\n  \"closures_min\": 1.0,\n  \"closures_max\": 1.0\n}"},"old":{"module_name":"singularity_code_analysis__metrics__nom__tests","metadata":{},"snapshot":"{\n  \"functions\": 1.0,\n  \"closures\": 0.0,\n  \"functions_average\": 0.5,\n  \"closures_average\": 0.0,\n  \"total\": 1.0,\n  \"average\": 0.5,\n  \"functions_min\": 0.0,\n  \"functions_max\": 1.0,\n  \"closures_min\": 0.0,\n  \"closures_max\": 0.0\n}"}}
{"run_id":"1761694923-945243395","line":519,"new":{"module_name":"singularity_code_analysis__metrics__nom__tests","snapshot_name":"javascript_pair_nom","metadata":{"source":"packages/singularity-code-analysis/src/metrics/nom.rs","assertion_line":519,"expression":"metric.nom"},"snapshot":"{\n  \"functions\": 0.0,\n  \"closures\": 2.0,\n  \"functions_average\": 0.0,\n  \"closures_average\": 2.0,\n  \"total\": 2.0,\n  \"average\": 2.0,\n  \"functions_min\": 0.0,\n  \"functions_max\": 0.0,\n  \"closures_min\": 1.0,\n  \"closures_max\": 1.0\n}"},"old":{"module_name":"singularity_code_analysis__metrics__nom__tests","metadata":{},"snapshot":"{\n  \"functions\": 1.0,\n  \"closures\": 0.0,\n  \"functions_average\": 0.5,\n  \"closures_average\": 0.0,\n  \"total\": 1.0,\n  \"average\": 0.5,\n  \"functions_min\": 0.0,\n  \"functions_max\": 1.0,\n  \"closures_min\": 0.0,\n  \"closures_max\": 0.0\n}"}}
{"run_id":"1761694923-945243395","line":241,"new":{"module_name":"singularity_code_analysis__metrics__nom__tests","snapshot_name":"python_nom","metadata":{"source":"packages/singularity-code-analysis/src/metrics/nom.rs","assertion_line":241,"expression":"metric.nom"},"snapshot":"{\n  \"functions\": 3.0,\n  \"closures\": 0.0,\n  \"functions_average\": 0.75,\n  \"closures_average\": 0.0,\n  \"total\": 3.0,\n  \"average\": 0.75,\n  \"functions_min\": 0.0,\n  \"functions_max\": 1.0,\n  \"closures_min\": 0.0,\n  \"closures_max\": 0.0\n}"},"old":{"module_name":"singularity_code_analysis__metrics__nom__tests","metadata":{},"snapshot":"{\n  \"functions\": 3.0,\n  \"closures\": 1.0,\n  \"functions_average\": 0.75,\n  \"closures_average\": 0.25,\n  \"total\": 4.0,\n  \"average\": 1.0,\n  \"functions_min\": 0.0,\n  \"functions_max\": 1.0,\n  \"closures_min\": 0.0,\n  \"closures_max\": 1.0\n}"}}
{"run_id":"1761694923-945243395","line":270,"new":{"module_name":"singularity_code_analysis__metrics__nom__tests","snapshot_name":"rust_nom","metadata":{"source":"packages/singularity-code-analysis/src/metrics/nom.rs","assertion_line":270,"expression":"metric.nom"},"snapshot":"{\n  \"functions\": 3.0,\n  \"closures\": 0.0,\n  \"functions_average\": 1.5,\n  \"closures_average\": 0.0,\n  \"total\": 3.0,\n  \"average\": 1.5,\n  \"functions_min\": 1.0,\n  \"functions_max\": 1.0,\n  \"closures_min\": 0.0,\n  \"closures_max\": 0.0\n}"},"old":{"module_name":"singularity_code_analysis__metrics__nom__tests","metadata":{},"snapshot":"{\n  \"functions\": 2.0,\n  \"closures\": 1.0,\n  \"functions_average\": 0.5,\n  \"closures_average\": 0.25,\n  \"total\": 3.0,\n  \"average\": 0.75,\n  \"functions_min\": 0.0,\n  \"functions_max\": 1.0,\n  \"closures_min\": 0.0,\n  \"closures_max\": 1.0\n}"}}
{"run_id":"1761694923-945243395","line":550,"new":{"module_name":"singularity_code_analysis__metrics__nom__tests","snapshot_name":"javascript_unnamed_nom","metadata":{"source":"packages/singularity-code-analysis/src/metrics/nom.rs","assertion_line":550,"expression":"metric.nom"},"snapshot":"{\n  \"functions\": 0.0,\n  \"closures\": 3.0,\n  \"functions_average\": 0.0,\n  \"closures_average\": 1.5,\n  \"total\": 3.0,\n  \"average\": 1.5,\n  \"functions_min\": 0.0,\n  \"functions_max\": 0.0,\n  \"closures_min\": 1.0,\n  \"closures_max\": 1.0\n}"},"old":{"module_name":"singularity_code_analysis__metrics__nom__tests","metadata":{},"snapshot":"{\n  \"functions\": 0.0,\n  \"closures\": 2.0,\n  \"functions_average\": 0.0,\n  \"closures_average\": 0.6666666666666666,\n  \"total\": 2.0,\n  \"average\": 0.6666666666666666,\n  \"functions_min\": 0.0,\n  \"functions_max\": 0.0,\n  \"closures_min\": 0.0,\n  \"closures_max\": 1.0\n}"}}
